<html>
<body>
<pre>
<h1>µVision Build Log</h1>
<h2>Project:</h2>
C:\Keil_v5\ARM\Device\Nordic\nrf51422\Board\nrf6310\blinky_example\arm\blinky.uvproj
Project File Date:  11/04/2013

<h2>Output:</h2>
Build target 'nrf51422_xxaa (256K)'
Clean started - Project: 'blinky'
   deleting intermediate output files for target 'nrf51422_xxaa (256K)'
creating preprocessor file for main.c...
compiling main.c...
assembling startup_arm_nrf51.s...
creating preprocessor file for system_nrf51.c...
compiling system_nrf51.c...
creating preprocessor file for nrf_delay.c...
compiling nrf_delay.c...
linking...
Program Size: Code=480 RO-data=208 RW-data=4 ZI-data=2052  
".\_build\blinky_arm.axf" - 0 Error(s), 0 Warning(s).

*** Performing Cross-Module-Optimization:
compiling main.c...
compiling system_nrf51.c...
compiling nrf_delay.c...
linking...
Program Size: Code=480 RO-data=208 RW-data=4 ZI-data=2052  
FromELF: creating hex file...
".\_build\blinky_arm.axf" - 0 Error(s), 0 Warning(s).
*** Completed Cross-Module-Optimization after 2 iteration(s).
Load "C:\\Keil_v5\\ARM\\Device\\Nordic\\nrf51422\\Board\\nrf6310\\blinky_example\\arm\\_build\\blinky_arm.axf" 
Set JLink Project File to "C:\Keil_v5\ARM\Device\Nordic\nrf51422\Board\nrf6310\blinky_example\arm\JLinkSettings.ini"
* JLink Info: Device "NRF51422_XXAA" selected (217 KB flash, 14 KB RAM).
 
JLink info:
------------
DLL: V4.80g, compiled Feb 13 2014 20:50:02
Firmware: J-Link Lite-Cortex-M V8 compiled Aug 29 2012 15:24:23
Hardware: V8.00
S/N : 538000862 
Feature(s) : GDB 
 
* JLink Info: Found SWD-DP with ID 0x0BB11477
* JLink Info: Found Cortex-M0 r0p0, Little endian.
* JLink Info: FPUnit: 4 code (BP) slots and 0 literal slots
ROMTableAddr = 0xE00FF003
 
Target info:
------------
Device: nRF51422_xxAA
VTarget = 3.267V
State of Pins: 
TCK: 0, TDI: 0, TDO: 1, TMS: 1, TRES: 1, TRST: 1
Hardware-Breakpoints: 4
Software-Breakpoints: 8192
Watchpoints:          2
JTAG speed: 2000 kHz
 
Erase Done.
Programming Done.
Verify OK.
Application running ...
