Product: MDK-ARM Lite 5.10
Component: ARM Compiler 5.04 update 1 (build 49)
Tool: armlink [5040049]

==============================================================================

Section Cross References

    main.o(i.main) refers to nrf_delay.o(i.nrf_delay_ms) for nrf_delay_ms
    startup_arm_nrf51.o(RESET) refers to startup_arm_nrf51.o(STACK) for __initial_sp
    startup_arm_nrf51.o(RESET) refers to startup_arm_nrf51.o(.text) for Reset_Handler
    startup_arm_nrf51.o(.text) refers to system_nrf51.o(i.SystemInit) for SystemInit
    startup_arm_nrf51.o(.text) refers to entry.o(.ARM.Collect$$$$00000000) for __main
    system_nrf51.o(i.SystemCoreClockUpdate) refers to system_nrf51.o(.data) for SystemCoreClock
    system_nrf51.o(i.SystemInit) refers to system_nrf51.o(i.is_manual_peripheral_setup_needed) for is_manual_peripheral_setup_needed
    system_nrf51.o(i.SystemInit) refers to system_nrf51.o(i.is_disabled_in_debug_needed) for is_disabled_in_debug_needed
    nrf_delay.o(i.nrf_delay_ms) refers to nrf_delay.o(.emb_text) for __asm___11_nrf_delay_c_532987f3__nrf_delay_us
    entry.o(.ARM.Collect$$$$00000000) refers (Special) to entry10a.o(.ARM.Collect$$$$0000000D) for __rt_final_cpp
    entry.o(.ARM.Collect$$$$00000000) refers (Special) to entry11a.o(.ARM.Collect$$$$0000000F) for __rt_final_exit
    entry.o(.ARM.Collect$$$$00000000) refers (Special) to entry7b.o(.ARM.Collect$$$$00000008) for _main_clock
    entry.o(.ARM.Collect$$$$00000000) refers (Special) to entry8b.o(.ARM.Collect$$$$0000000A) for _main_cpp_init
    entry.o(.ARM.Collect$$$$00000000) refers (Special) to entry9a.o(.ARM.Collect$$$$0000000B) for _main_init
    entry.o(.ARM.Collect$$$$00000000) refers (Special) to entry5.o(.ARM.Collect$$$$00000004) for _main_scatterload
    entry.o(.ARM.Collect$$$$00000000) refers (Special) to entry2.o(.ARM.Collect$$$$00000001) for _main_stk
    entry2.o(.ARM.Collect$$$$00000001) refers to entry2.o(.ARM.Collect$$$$00002712) for __lit__00000000
    entry2.o(.ARM.Collect$$$$00002712) refers to startup_arm_nrf51.o(STACK) for __initial_sp
    entry2.o(__vectab_stack_and_reset_area) refers to startup_arm_nrf51.o(STACK) for __initial_sp
    entry2.o(__vectab_stack_and_reset_area) refers to entry.o(.ARM.Collect$$$$00000000) for __main
    entry5.o(.ARM.Collect$$$$00000004) refers to init.o(.text) for __scatterload
    entry9a.o(.ARM.Collect$$$$0000000B) refers to main.o(i.main) for main
    entry9b.o(.ARM.Collect$$$$0000000C) refers to main.o(i.main) for main
    init.o(.text) refers to entry5.o(.ARM.Collect$$$$00000004) for __main_after_scatterload


==============================================================================

Removing Unused input sections from the image.

    Removing main.o(.rev16_text), (4 bytes).
    Removing main.o(.revsh_text), (4 bytes).
    Removing main.o(.emb_text), (30 bytes).
    Removing startup_arm_nrf51.o(HEAP), (2048 bytes).
    Removing system_nrf51.o(.rev16_text), (4 bytes).
    Removing system_nrf51.o(.revsh_text), (4 bytes).
    Removing system_nrf51.o(i.SystemCoreClockUpdate), (16 bytes).
    Removing nrf_delay.o(.rev16_text), (4 bytes).
    Removing nrf_delay.o(.revsh_text), (4 bytes).

9 unused section(s) (total 2118 bytes) removed from the image.

==============================================================================

Image Symbol Table

    Local Symbols

    Symbol Name                              Value     Ov Type        Size  Object(Section)

    ../clib/microlib/init/entry.s            0x00000000   Number         0  entry9b.o ABSOLUTE
    ../clib/microlib/init/entry.s            0x00000000   Number         0  entry11b.o ABSOLUTE
    ../clib/microlib/init/entry.s            0x00000000   Number         0  entry9a.o ABSOLUTE
    ../clib/microlib/init/entry.s            0x00000000   Number         0  entry8b.o ABSOLUTE
    ../clib/microlib/init/entry.s            0x00000000   Number         0  entry8a.o ABSOLUTE
    ../clib/microlib/init/entry.s            0x00000000   Number         0  entry7b.o ABSOLUTE
    ../clib/microlib/init/entry.s            0x00000000   Number         0  entry7a.o ABSOLUTE
    ../clib/microlib/init/entry.s            0x00000000   Number         0  entry5.o ABSOLUTE
    ../clib/microlib/init/entry.s            0x00000000   Number         0  entry.o ABSOLUTE
    ../clib/microlib/init/entry.s            0x00000000   Number         0  entry2.o ABSOLUTE
    ../clib/microlib/init/entry.s            0x00000000   Number         0  entry10a.o ABSOLUTE
    ../clib/microlib/init/entry.s            0x00000000   Number         0  entry10b.o ABSOLUTE
    ../clib/microlib/init/entry.s            0x00000000   Number         0  entry11a.o ABSOLUTE
    ..\..\..\..\Source\nrf_delay\nrf_delay.c 0x00000000   Number         0  nrf_delay.o ABSOLUTE
    ..\..\..\..\Source\templates\arm\arm_startup_nrf51.s 0x00000000   Number         0  startup_arm_nrf51.o ABSOLUTE
    ..\..\..\..\Source\templates\system_nrf51.c 0x00000000   Number         0  system_nrf51.o ABSOLUTE
    ..\\..\\..\\..\\Source\\nrf_delay\\nrf_delay.c 0x00000000   Number         0  nrf_delay.o ABSOLUTE
    ..\\..\\..\\..\\Source\\templates\\system_nrf51.c 0x00000000   Number         0  system_nrf51.o ABSOLUTE
    ..\\main.c                               0x00000000   Number         0  main.o ABSOLUTE
    ..\main.c                                0x00000000   Number         0  main.o ABSOLUTE
    dc.s                                     0x00000000   Number         0  dc.o ABSOLUTE
    handlers.s                               0x00000000   Number         0  handlers.o ABSOLUTE
    init.s                                   0x00000000   Number         0  init.o ABSOLUTE
    RESET                                    0x0000a000   Section      192  startup_arm_nrf51.o(RESET)
    .ARM.Collect$$$$00000000                 0x0000a0c0   Section        0  entry.o(.ARM.Collect$$$$00000000)
    .ARM.Collect$$$$00000001                 0x0000a0c0   Section        4  entry2.o(.ARM.Collect$$$$00000001)
    .ARM.Collect$$$$00000004                 0x0000a0c4   Section        4  entry5.o(.ARM.Collect$$$$00000004)
    .ARM.Collect$$$$00000008                 0x0000a0c8   Section        0  entry7b.o(.ARM.Collect$$$$00000008)
    .ARM.Collect$$$$0000000A                 0x0000a0c8   Section        0  entry8b.o(.ARM.Collect$$$$0000000A)
    .ARM.Collect$$$$0000000B                 0x0000a0c8   Section        8  entry9a.o(.ARM.Collect$$$$0000000B)
    .ARM.Collect$$$$0000000D                 0x0000a0d0   Section        0  entry10a.o(.ARM.Collect$$$$0000000D)
    .ARM.Collect$$$$0000000F                 0x0000a0d0   Section        0  entry11a.o(.ARM.Collect$$$$0000000F)
    .ARM.Collect$$$$00002712                 0x0000a0d0   Section        4  entry2.o(.ARM.Collect$$$$00002712)
    __lit__00000000                          0x0000a0d0   Data           4  entry2.o(.ARM.Collect$$$$00002712)
    .emb_text                                0x0000a0d4   Section       30  nrf_delay.o(.emb_text)
    .text                                    0x0000a0f4   Section       44  startup_arm_nrf51.o(.text)
    .text                                    0x0000a120   Section       36  init.o(.text)
    i.SystemInit                             0x0000a144   Section        0  system_nrf51.o(i.SystemInit)
    i.__scatterload_copy                     0x0000a17c   Section       14  handlers.o(i.__scatterload_copy)
    i.__scatterload_null                     0x0000a18a   Section        2  handlers.o(i.__scatterload_null)
    i.__scatterload_zeroinit                 0x0000a18c   Section       14  handlers.o(i.__scatterload_zeroinit)
    i.is_disabled_in_debug_needed            0x0000a19c   Section        0  system_nrf51.o(i.is_disabled_in_debug_needed)
    is_disabled_in_debug_needed              0x0000a19d   Thumb Code    52  system_nrf51.o(i.is_disabled_in_debug_needed)
    i.is_manual_peripheral_setup_needed      0x0000a1d4   Section        0  system_nrf51.o(i.is_manual_peripheral_setup_needed)
    is_manual_peripheral_setup_needed        0x0000a1d5   Thumb Code   104  system_nrf51.o(i.is_manual_peripheral_setup_needed)
    i.main                                   0x0000a240   Section        0  main.o(i.main)
    i.nrf_delay_ms                           0x0000a284   Section        0  nrf_delay.o(i.nrf_delay_ms)
    .data                                    0x20000800   Section        4  system_nrf51.o(.data)
    __tagsym$$used                           0x20000800   Number         0  system_nrf51.o(.data)
    STACK                                    0x20000808   Section     2048  startup_arm_nrf51.o(STACK)

    Global Symbols

    Symbol Name                              Value     Ov Type        Size  Object(Section)

    BuildAttributes$$THM_ISAv3M$S$PE$A:L22$X:L11$S22$IEEE1$IW$USESV6$~STKCKD$USESV7$~SHL$OSPACE$EBA8$MICROLIB$REQ8$PRES8$EABIv2 0x00000000   Number         0  anon$$obj.o ABSOLUTE
    __ARM_use_no_argv                        0x00000000   Number         0  main.o ABSOLUTE
    __cpp_initialize__aeabi_                  - Undefined Weak Reference
    __cxa_finalize                            - Undefined Weak Reference
    __decompress                              - Undefined Weak Reference
    _clock_init                               - Undefined Weak Reference
    _microlib_exit                            - Undefined Weak Reference
    __Vectors_Size                           0x000000c0   Number         0  startup_arm_nrf51.o ABSOLUTE
    __Vectors                                0x0000a000   Data           4  startup_arm_nrf51.o(RESET)
    __Vectors_End                            0x0000a0c0   Data           0  startup_arm_nrf51.o(RESET)
    __main                                   0x0000a0c1   Thumb Code     0  entry.o(.ARM.Collect$$$$00000000)
    _main_stk                                0x0000a0c1   Thumb Code     0  entry2.o(.ARM.Collect$$$$00000001)
    _main_scatterload                        0x0000a0c5   Thumb Code     0  entry5.o(.ARM.Collect$$$$00000004)
    __main_after_scatterload                 0x0000a0c9   Thumb Code     0  entry5.o(.ARM.Collect$$$$00000004)
    _main_clock                              0x0000a0c9   Thumb Code     0  entry7b.o(.ARM.Collect$$$$00000008)
    _main_cpp_init                           0x0000a0c9   Thumb Code     0  entry8b.o(.ARM.Collect$$$$0000000A)
    _main_init                               0x0000a0c9   Thumb Code     0  entry9a.o(.ARM.Collect$$$$0000000B)
    __rt_final_cpp                           0x0000a0d1   Thumb Code     0  entry10a.o(.ARM.Collect$$$$0000000D)
    __rt_final_exit                          0x0000a0d1   Thumb Code     0  entry11a.o(.ARM.Collect$$$$0000000F)
    __asm___11_nrf_delay_c_532987f3__nrf_delay_us 0x0000a0d5   Thumb Code    30  nrf_delay.o(.emb_text)
    Reset_Handler                            0x0000a0f5   Thumb Code    18  startup_arm_nrf51.o(.text)
    NMI_Handler                              0x0000a107   Thumb Code     2  startup_arm_nrf51.o(.text)
    HardFault_Handler                        0x0000a109   Thumb Code     2  startup_arm_nrf51.o(.text)
    SVC_Handler                              0x0000a10b   Thumb Code     2  startup_arm_nrf51.o(.text)
    PendSV_Handler                           0x0000a10d   Thumb Code     2  startup_arm_nrf51.o(.text)
    SysTick_Handler                          0x0000a10f   Thumb Code     2  startup_arm_nrf51.o(.text)
    ADC_IRQHandler                           0x0000a111   Thumb Code     0  startup_arm_nrf51.o(.text)
    CCM_AAR_IRQHandler                       0x0000a111   Thumb Code     0  startup_arm_nrf51.o(.text)
    ECB_IRQHandler                           0x0000a111   Thumb Code     0  startup_arm_nrf51.o(.text)
    GPIOTE_IRQHandler                        0x0000a111   Thumb Code     0  startup_arm_nrf51.o(.text)
    LPCOMP_COMP_IRQHandler                   0x0000a111   Thumb Code     0  startup_arm_nrf51.o(.text)
    POWER_CLOCK_IRQHandler                   0x0000a111   Thumb Code     0  startup_arm_nrf51.o(.text)
    QDEC_IRQHandler                          0x0000a111   Thumb Code     0  startup_arm_nrf51.o(.text)
    RADIO_IRQHandler                         0x0000a111   Thumb Code     0  startup_arm_nrf51.o(.text)
    RNG_IRQHandler                           0x0000a111   Thumb Code     0  startup_arm_nrf51.o(.text)
    RTC0_IRQHandler                          0x0000a111   Thumb Code     0  startup_arm_nrf51.o(.text)
    RTC1_IRQHandler                          0x0000a111   Thumb Code     0  startup_arm_nrf51.o(.text)
    SPI0_TWI0_IRQHandler                     0x0000a111   Thumb Code     0  startup_arm_nrf51.o(.text)
    SPI1_TWI1_IRQHandler                     0x0000a111   Thumb Code     0  startup_arm_nrf51.o(.text)
    SWI0_IRQHandler                          0x0000a111   Thumb Code     0  startup_arm_nrf51.o(.text)
    SWI1_IRQHandler                          0x0000a111   Thumb Code     0  startup_arm_nrf51.o(.text)
    SWI2_IRQHandler                          0x0000a111   Thumb Code     0  startup_arm_nrf51.o(.text)
    SWI3_IRQHandler                          0x0000a111   Thumb Code     0  startup_arm_nrf51.o(.text)
    SWI4_IRQHandler                          0x0000a111   Thumb Code     0  startup_arm_nrf51.o(.text)
    SWI5_IRQHandler                          0x0000a111   Thumb Code     0  startup_arm_nrf51.o(.text)
    TEMP_IRQHandler                          0x0000a111   Thumb Code     0  startup_arm_nrf51.o(.text)
    TIMER0_IRQHandler                        0x0000a111   Thumb Code     0  startup_arm_nrf51.o(.text)
    TIMER1_IRQHandler                        0x0000a111   Thumb Code     0  startup_arm_nrf51.o(.text)
    TIMER2_IRQHandler                        0x0000a111   Thumb Code     0  startup_arm_nrf51.o(.text)
    UART0_IRQHandler                         0x0000a111   Thumb Code     0  startup_arm_nrf51.o(.text)
    WDT_IRQHandler                           0x0000a111   Thumb Code     0  startup_arm_nrf51.o(.text)
    __scatterload                            0x0000a121   Thumb Code    28  init.o(.text)
    __scatterload_rt2                        0x0000a121   Thumb Code     0  init.o(.text)
    SystemInit                               0x0000a145   Thumb Code    38  system_nrf51.o(i.SystemInit)
    __scatterload_copy                       0x0000a17d   Thumb Code    14  handlers.o(i.__scatterload_copy)
    __scatterload_null                       0x0000a18b   Thumb Code     2  handlers.o(i.__scatterload_null)
    __scatterload_zeroinit                   0x0000a18d   Thumb Code    14  handlers.o(i.__scatterload_zeroinit)
    main                                     0x0000a241   Thumb Code    64  main.o(i.main)
    nrf_delay_ms                             0x0000a285   Thumb Code    24  nrf_delay.o(i.nrf_delay_ms)
    Region$$Table$$Base                      0x0000a2a0   Number         0  anon$$obj.o(Region$$Table)
    Region$$Table$$Limit                     0x0000a2b0   Number         0  anon$$obj.o(Region$$Table)
    SystemCoreClock                          0x20000800   Data           4  system_nrf51.o(.data)
    __initial_sp                             0x20001008   Data           0  startup_arm_nrf51.o(STACK)



==============================================================================

Memory Map of the image

  Image Entry point : 0x0000a0c1

  Load Region LR_IROM1 (Base: 0x0000a000, Size: 0x000002b4, Max: 0x00036000, ABSOLUTE)

    Execution Region ER_IROM1 (Base: 0x0000a000, Size: 0x000002b0, Max: 0x00036000, ABSOLUTE)

    Base Addr    Size         Type   Attr      Idx    E Section Name        Object

    0x0000a000   0x000000c0   Data   RO           76    RESET               startup_arm_nrf51.o
    0x0000a0c0   0x00000000   Code   RO          151  * .ARM.Collect$$$$00000000  mc_p.l(entry.o)
    0x0000a0c0   0x00000004   Code   RO          154    .ARM.Collect$$$$00000001  mc_p.l(entry2.o)
    0x0000a0c4   0x00000004   Code   RO          157    .ARM.Collect$$$$00000004  mc_p.l(entry5.o)
    0x0000a0c8   0x00000000   Code   RO          159    .ARM.Collect$$$$00000008  mc_p.l(entry7b.o)
    0x0000a0c8   0x00000000   Code   RO          161    .ARM.Collect$$$$0000000A  mc_p.l(entry8b.o)
    0x0000a0c8   0x00000008   Code   RO          162    .ARM.Collect$$$$0000000B  mc_p.l(entry9a.o)
    0x0000a0d0   0x00000000   Code   RO          164    .ARM.Collect$$$$0000000D  mc_p.l(entry10a.o)
    0x0000a0d0   0x00000000   Code   RO          166    .ARM.Collect$$$$0000000F  mc_p.l(entry11a.o)
    0x0000a0d0   0x00000004   Code   RO          155    .ARM.Collect$$$$00002712  mc_p.l(entry2.o)
    0x0000a0d4   0x0000001e   Code   RO          125    .emb_text           nrf_delay.o
    0x0000a0f2   0x00000002   PAD
    0x0000a0f4   0x0000002c   Code   RO           77    .text               startup_arm_nrf51.o
    0x0000a120   0x00000024   Code   RO          168    .text               mc_p.l(init.o)
    0x0000a144   0x00000038   Code   RO           84    i.SystemInit        system_nrf51.o
    0x0000a17c   0x0000000e   Code   RO          172    i.__scatterload_copy  mc_p.l(handlers.o)
    0x0000a18a   0x00000002   Code   RO          173    i.__scatterload_null  mc_p.l(handlers.o)
    0x0000a18c   0x0000000e   Code   RO          174    i.__scatterload_zeroinit  mc_p.l(handlers.o)
    0x0000a19a   0x00000002   PAD
    0x0000a19c   0x00000038   Code   RO           85    i.is_disabled_in_debug_needed  system_nrf51.o
    0x0000a1d4   0x0000006c   Code   RO           86    i.is_manual_peripheral_setup_needed  system_nrf51.o
    0x0000a240   0x00000044   Code   RO            4    i.main              main.o
    0x0000a284   0x0000001c   Code   RO          126    i.nrf_delay_ms      nrf_delay.o
    0x0000a2a0   0x00000010   Data   RO          170    Region$$Table       anon$$obj.o


    Execution Region RW_IRAM1 (Base: 0x20000800, Size: 0x00000808, Max: 0x00003800, ABSOLUTE, UNINIT)

    Base Addr    Size         Type   Attr      Idx    E Section Name        Object

    0x20000800   0x00000004   Data   RW           87    .data               system_nrf51.o
    0x20000804   0x00000004   PAD
    0x20000808   0x00000800   Zero   RW           74    STACK               startup_arm_nrf51.o


==============================================================================

Image component sizes


      Code (inc. data)   RO Data    RW Data    ZI Data      Debug   Object Name

        68          4          0          0          0       6907   main.o
        58          4          0          0          0       1395   nrf_delay.o
        44         14        192          0       2048        672   startup_arm_nrf51.o
       220         26          0          4          0       1875   system_nrf51.o

    ----------------------------------------------------------------------
       392         48        208          4       2052      10849   Object Totals
         0          0         16          0          0          0   (incl. Generated)
         2          0          0          0          4          0   (incl. Padding)

    ----------------------------------------------------------------------

      Code (inc. data)   RO Data    RW Data    ZI Data      Debug   Library Member Name

         0          0          0          0          0          0   entry.o
         0          0          0          0          0          0   entry10a.o
         0          0          0          0          0          0   entry11a.o
         8          4          0          0          0          0   entry2.o
         4          0          0          0          0          0   entry5.o
         0          0          0          0          0          0   entry7b.o
         0          0          0          0          0          0   entry8b.o
         8          4          0          0          0          0   entry9a.o
        30          0          0          0          0          0   handlers.o
        36          8          0          0          0         68   init.o

    ----------------------------------------------------------------------
        88         16          0          0          0         68   Library Totals
         2          0          0          0          0          0   (incl. Padding)

    ----------------------------------------------------------------------

      Code (inc. data)   RO Data    RW Data    ZI Data      Debug   Library Name

        86         16          0          0          0         68   mc_p.l

    ----------------------------------------------------------------------
        88         16          0          0          0         68   Library Totals

    ----------------------------------------------------------------------

==============================================================================


      Code (inc. data)   RO Data    RW Data    ZI Data      Debug   

       480         64        208          4       2052      10841   Grand Totals
       480         64        208          4       2052      10841   ELF Image Totals
       480         64        208          4          0          0   ROM Totals

==============================================================================

    Total RO  Size (Code + RO Data)                  688 (   0.67kB)
    Total RW  Size (RW Data + ZI Data)              2056 (   2.01kB)
    Total ROM Size (Code + RO Data + RW Data)        692 (   0.68kB)

==============================================================================

