<html>
<body>
<pre>
<h1>µVision Build Log</h1>
<h2>Project:</h2>
C:\Keil_v5\ARM\Device\Nordic\nrf51422\Board\nrf6310\spi_master_example\arm\spi_master_example.uvproj
Project File Date:  04/24/2014

<h2>Output:</h2>
Build target 'nrf51422_xxaa (256K)'
Clean started - Project: 'spi_master_example'
   deleting intermediate output files for target 'nrf51422_xxaa (256K)'
compiling main.c...
assembling startup_arm_nrf51.s...
compiling system_nrf51.c...
compiling spi_master.c...
compiling nrf_delay.c...
linking...
Program Size: Code=1092 RO-data=208 RW-data=4 ZI-data=2252  
".\_build\spi_master_example_arm.axf" - 0 Error(s), 0 Warning(s).

*** Performing Cross-Module-Optimization:
compiling main.c...
compiling system_nrf51.c...
compiling spi_master.c...
compiling nrf_delay.c...
linking...
Program Size: Code=1092 RO-data=208 RW-data=4 ZI-data=2252  
FromELF: creating hex file...
".\_build\spi_master_example_arm.axf" - 0 Error(s), 0 Warning(s).
*** Completed Cross-Module-Optimization after 2 iteration(s).
</pre>
</body>
</html>
