ARM Linker, 5.03 [Build 76] [MDK-ARM Lite]

==============================================================================

Section Cross References

    pcapint_main.o(i.RTC1_IRQHandler) refers to pcapint_main.o(.data) for rtc_flag
    pcapint_main.o(i.config_reg_set) refers to pcapint_main.o(i.pack) for pack
    pcapint_main.o(i.config_reg_set) refers to pcapint_main.o(i.pcap_config_write) for pcap_config_write
    pcapint_main.o(i.data_extract) refers to ffltui.o(.text) for __aeabi_ui2f
    pcapint_main.o(i.data_extract) refers to pow.o(i.pow) for pow
    pcapint_main.o(i.data_extract) refers to f2d.o(.text) for __aeabi_f2d
    pcapint_main.o(i.data_extract) refers to ddiv.o(.text) for __aeabi_ddiv
    pcapint_main.o(i.data_extract) refers to d2f.o(.text) for __aeabi_d2f
    pcapint_main.o(i.handle_channel_event) refers to pcapint_main.o(i.pcap_broadcast_data) for pcap_broadcast_data
    pcapint_main.o(i.handle_channel_event) refers to pcapint_main.o(i.handle_error) for handle_error
    pcapint_main.o(i.handle_channel_event) refers to pcapint_main.o(.data) for s_broadcast_data
    pcapint_main.o(i.main) refers to rand.o(.text) for rand
    pcapint_main.o(i.main) refers to idiv.o(.text) for __aeabi_idivmod
    pcapint_main.o(i.main) refers to nrf_delay.o(i.nrf_delay_ms) for nrf_delay_ms
    pcapint_main.o(i.main) refers to pcapint_main.o(i.ant_channel_tx_broadcast_setup) for ant_channel_tx_broadcast_setup
    pcapint_main.o(i.main) refers to pcapint_main.o(i.pcap_spi_set) for pcap_spi_set
    pcapint_main.o(i.main) refers to pcapint_main.o(i.pcap_dsp_write) for pcap_dsp_write
    pcapint_main.o(i.main) refers to pcapint_main.o(i.pcap_commcheck) for pcap_commcheck
    pcapint_main.o(i.main) refers to pcapint_main.o(i.pcap_config) for pcap_config
    pcapint_main.o(i.main) refers to pcapint_main.o(i.pcap_measure) for pcap_measure
    pcapint_main.o(i.main) refers to pcapint_main.o(i.data_extract) for data_extract
    pcapint_main.o(i.main) refers to fmul.o(.text) for __aeabi_fmul
    pcapint_main.o(i.main) refers to pcapint_main.o(i.read_reg) for read_reg
    pcapint_main.o(i.main) refers to pcapint_main.o(i.handle_channel_event) for handle_channel_event
    pcapint_main.o(i.main) refers to pcapint_main.o(i.softdevice_assert_callback) for softdevice_assert_callback
    pcapint_main.o(i.main) refers to pcapint_main.o(.bss) for cap_t
    pcapint_main.o(i.main) refers to pcapint_main.o(.data) for s_broadcast_data
    pcapint_main.o(i.pcap_broadcast_data) refers to pcapint_main.o(.data) for s_broadcast_data
    pcapint_main.o(i.pcap_commcheck) refers to pcapint_main.o(i.pcap_spi_tx_rx) for pcap_spi_tx_rx
    pcapint_main.o(i.pcap_commcheck) refers to pcapint_main.o(.data) for MSG_LEN
    pcapint_main.o(i.pcap_config) refers to pcapint_main.o(i.config_reg_set) for config_reg_set
    pcapint_main.o(i.pcap_config) refers to pcapint_main.o(i.pcap_spi_tx_rx) for pcap_spi_tx_rx
    pcapint_main.o(i.pcap_config) refers to pcapint_main.o(.data) for MSG_LEN
    pcapint_main.o(i.pcap_config_write) refers to pcapint_main.o(i.pcap_spi_tx_rx) for pcap_spi_tx_rx
    pcapint_main.o(i.pcap_config_write) refers to nrf_delay.o(i.nrf_delay_ms) for nrf_delay_ms
    pcapint_main.o(i.pcap_config_write) refers to pcapint_main.o(.data) for MSG_LEN
    pcapint_main.o(i.pcap_dsp_write) refers to pcapint_main.o(i.pcap_spi_tx_rx) for pcap_spi_tx_rx
    pcapint_main.o(i.pcap_dsp_write) refers to pcapint_main.o(.data) for MSG_LEN
    pcapint_main.o(i.pcap_measure) refers to pcapint_main.o(i.pcap_spi_tx_rx) for pcap_spi_tx_rx
    pcapint_main.o(i.pcap_measure) refers to fflti.o(.text) for __aeabi_i2f
    pcapint_main.o(i.pcap_measure) refers to f2d.o(.text) for __aeabi_f2d
    pcapint_main.o(i.pcap_measure) refers to dmul.o(.text) for __aeabi_dmul
    pcapint_main.o(i.pcap_measure) refers to d2f.o(.text) for __aeabi_d2f
    pcapint_main.o(i.pcap_measure) refers to ffltui.o(.text) for __aeabi_ui2f
    pcapint_main.o(i.pcap_measure) refers to fmul.o(.text) for __aeabi_fmul
    pcapint_main.o(i.pcap_measure) refers to fadd.o(.text) for __aeabi_fadd
    pcapint_main.o(i.pcap_measure) refers to fdiv.o(.text) for __aeabi_fdiv
    pcapint_main.o(i.pcap_measure) refers to ffixui.o(.text) for __aeabi_f2uiz
    pcapint_main.o(i.pcap_measure) refers to dflti.o(.text) for __aeabi_i2d
    pcapint_main.o(i.pcap_measure) refers to dadd.o(.text) for __aeabi_dadd
    pcapint_main.o(i.pcap_measure) refers to ddiv.o(.text) for __aeabi_ddiv
    pcapint_main.o(i.pcap_measure) refers to pcapint_main.o(.data) for MSG_LEN
    pcapint_main.o(i.pcap_spi_set) refers to spi_master.o(i.spi_master_init) for spi_master_init
    pcapint_main.o(i.pcap_spi_tx_rx) refers to spi_master.o(i.spi_master_tx_rx) for spi_master_tx_rx
    pcapint_main.o(i.pcap_spi_tx_rx) refers to pcapint_main.o(.data) for rx_data
    pcapint_main.o(i.read_reg) refers to pcapint_main.o(i.pcap_spi_tx_rx) for pcap_spi_tx_rx
    pcapint_main.o(i.read_reg) refers to pcapint_main.o(i.pack) for pack
    pcapint_main.o(i.read_reg) refers to pcapint_main.o(.data) for MSG_LEN
    arm_startup_nrf51.o(RESET) refers to arm_startup_nrf51.o(STACK) for __initial_sp
    arm_startup_nrf51.o(RESET) refers to arm_startup_nrf51.o(.text) for Reset_Handler
    arm_startup_nrf51.o(RESET) refers to pcapint_main.o(i.RTC1_IRQHandler) for RTC1_IRQHandler
    arm_startup_nrf51.o(.text) refers to system_nrf51422.o(i.SystemInit) for SystemInit
    arm_startup_nrf51.o(.text) refers to entry.o(.ARM.Collect$$$$00000000) for __main
    system_nrf51422.o(i.SystemCoreClockUpdate) refers to system_nrf51422.o(.data) for SystemCoreClock
    system_nrf51422.o(i.SystemInit) refers to system_nrf51422.o(i.is_manual_peripheral_setup_needed) for is_manual_peripheral_setup_needed
    system_nrf51422.o(i.SystemInit) refers to system_nrf51422.o(i.is_disabled_in_debug_needed) for is_disabled_in_debug_needed
    spi_master.o(i.spi_master_init) refers to spi_master.o(i.nrf_gpio_cfg_output) for nrf_gpio_cfg_output
    spi_master.o(i.spi_master_init) refers to spi_master.o(i.nrf_gpio_cfg_input) for nrf_gpio_cfg_input
    spi_master.o(i.spi_master_init) refers to spi_master.o(i.nrf_gpio_pin_set) for nrf_gpio_pin_set
    spi_master.o(i.spi_master_tx_rx) refers to spi_master.o(i.nrf_gpio_pin_set) for nrf_gpio_pin_set
    nrf_delay.o(i.nrf_delay_ms) refers to nrf_delay.o(.emb_text) for __asm___11_nrf_delay_c_532987f3__nrf_delay_us
    pow.o(i.__softfp_pow) refers (Special) to iusefp.o(.text) for __I$use$fp
    pow.o(i.__softfp_pow) refers to pow.o(i.pow) for pow
    pow.o(i.pow) refers (Special) to iusefp.o(.text) for __I$use$fp
    pow.o(i.pow) refers to dadd.o(.text) for __aeabi_dadd
    pow.o(i.pow) refers to errno.o(i.__set_errno) for __set_errno
    pow.o(i.pow) refers to ddiv.o(.text) for __aeabi_ddiv
    pow.o(i.pow) refers to sqrt.o(i.sqrt) for sqrt
    pow.o(i.pow) refers to dscalb.o(.text) for __ARM_scalbn
    pow.o(i.pow) refers to dunder.o(i.__mathlib_dbl_underflow) for __mathlib_dbl_underflow
    pow.o(i.pow) refers to dmul.o(.text) for __aeabi_dmul
    pow.o(i.pow) refers to qnan.o(.constdata) for __mathlib_zero
    pow.o(i.pow) refers to pow.o(.constdata) for .constdata
    pow.o(i.pow) refers to poly.o(i.__kernel_poly) for __kernel_poly
    pow.o(i.pow) refers to dflti.o(.text) for __aeabi_i2d
    pow.o(i.pow) refers to cdrcmple.o(.text) for __aeabi_cdrcmple
    pow.o(i.pow) refers to fpclassify.o(i.__ARM_fpclassify) for __ARM_fpclassify
    pow.o(.constdata) refers (Special) to iusefp.o(.text) for __I$use$fp
    pow_x.o(i.____softfp_pow$lsc) refers (Special) to iusefp.o(.text) for __I$use$fp
    pow_x.o(i.____softfp_pow$lsc) refers to pow_x.o(i.__pow$lsc) for __pow$lsc
    pow_x.o(i.__pow$lsc) refers (Special) to iusefp.o(.text) for __I$use$fp
    pow_x.o(i.__pow$lsc) refers to dadd.o(.text) for __aeabi_dadd
    pow_x.o(i.__pow$lsc) refers to errno.o(i.__set_errno) for __set_errno
    pow_x.o(i.__pow$lsc) refers to ddiv.o(.text) for __aeabi_ddiv
    pow_x.o(i.__pow$lsc) refers to sqrt.o(i.sqrt) for sqrt
    pow_x.o(i.__pow$lsc) refers to dflti.o(.text) for __aeabi_i2d
    pow_x.o(i.__pow$lsc) refers to dscalb.o(.text) for __ARM_scalbn
    pow_x.o(i.__pow$lsc) refers to dmul.o(.text) for __aeabi_dmul
    pow_x.o(i.__pow$lsc) refers to qnan.o(.constdata) for __mathlib_zero
    pow_x.o(i.__pow$lsc) refers to poly.o(i.__kernel_poly) for __kernel_poly
    pow_x.o(i.__pow$lsc) refers to cdrcmple.o(.text) for __aeabi_cdrcmple
    pow_x.o(i.__pow$lsc) refers to pow_x.o(.constdata) for .constdata
    pow_x.o(.constdata) refers (Special) to iusefp.o(.text) for __I$use$fp
    entry.o(.ARM.Collect$$$$00000000) refers (Special) to entry10a.o(.ARM.Collect$$$$0000000D) for __rt_final_cpp
    entry.o(.ARM.Collect$$$$00000000) refers (Special) to entry11a.o(.ARM.Collect$$$$0000000F) for __rt_final_exit
    entry.o(.ARM.Collect$$$$00000000) refers (Special) to entry7b.o(.ARM.Collect$$$$00000008) for _main_clock
    entry.o(.ARM.Collect$$$$00000000) refers (Special) to entry8b.o(.ARM.Collect$$$$0000000A) for _main_cpp_init
    entry.o(.ARM.Collect$$$$00000000) refers (Special) to entry9a.o(.ARM.Collect$$$$0000000B) for _main_init
    entry.o(.ARM.Collect$$$$00000000) refers (Special) to entry5.o(.ARM.Collect$$$$00000004) for _main_scatterload
    entry.o(.ARM.Collect$$$$00000000) refers (Special) to entry2.o(.ARM.Collect$$$$00000001) for _main_stk
    idiv.o(.text) refers to uidiv.o(.text) for __aeabi_uidivmod
    rand.o(.text) refers to rand.o(.data) for .data
    fadd.o(.text) refers (Special) to iusefp.o(.text) for __I$use$fp
    fadd.o(.text) refers to fepilogue.o(.text) for _float_epilogue
    fmul.o(.text) refers (Special) to iusefp.o(.text) for __I$use$fp
    fdiv.o(.text) refers (Special) to iusefp.o(.text) for __I$use$fp
    fdiv.o(.text) refers to fepilogue.o(.text) for _float_round
    dadd.o(.text) refers (Special) to iusefp.o(.text) for __I$use$fp
    dadd.o(.text) refers to llshl.o(.text) for __aeabi_llsl
    dadd.o(.text) refers to llsshr.o(.text) for __aeabi_lasr
    dadd.o(.text) refers to depilogue.o(.text) for _double_epilogue
    dmul.o(.text) refers (Special) to iusefp.o(.text) for __I$use$fp
    dmul.o(.text) refers to depilogue.o(.text) for _double_epilogue
    ddiv.o(.text) refers (Special) to iusefp.o(.text) for __I$use$fp
    ddiv.o(.text) refers to depilogue.o(.text) for _double_round
    fflti.o(.text) refers (Special) to iusefp.o(.text) for __I$use$fp
    fflti.o(.text) refers to fepilogue.o(.text) for _float_epilogue
    ffltui.o(.text) refers (Special) to iusefp.o(.text) for __I$use$fp
    ffltui.o(.text) refers to fepilogue.o(.text) for _float_epilogue
    dflti.o(.text) refers (Special) to iusefp.o(.text) for __I$use$fp
    dflti.o(.text) refers to depilogue.o(.text) for _double_epilogue
    ffixui.o(.text) refers (Special) to iusefp.o(.text) for __I$use$fp
    f2d.o(.text) refers (Special) to iusefp.o(.text) for __I$use$fp
    d2f.o(.text) refers (Special) to iusefp.o(.text) for __I$use$fp
    d2f.o(.text) refers to fepilogue.o(.text) for _float_round
    dunder.o(i.__mathlib_dbl_underflow) refers to dscalb.o(.text) for __ARM_scalbn
    fpclassify.o(i.__ARM_fpclassify) refers (Special) to iusefp.o(.text) for __I$use$fp
    poly.o(i.__kernel_poly) refers (Special) to iusefp.o(.text) for __I$use$fp
    poly.o(i.__kernel_poly) refers to dmul.o(.text) for __aeabi_dmul
    poly.o(i.__kernel_poly) refers to dadd.o(.text) for __aeabi_dadd
    qnan.o(.constdata) refers (Special) to iusefp.o(.text) for __I$use$fp
    sqrt.o(i.__softfp_sqrt) refers (Special) to iusefp.o(.text) for __I$use$fp
    sqrt.o(i.__softfp_sqrt) refers to dsqrt.o(.text) for _dsqrt
    sqrt.o(i.__softfp_sqrt) refers to errno.o(i.__set_errno) for __set_errno
    sqrt.o(i.sqrt) refers (Special) to iusefp.o(.text) for __I$use$fp
    sqrt.o(i.sqrt) refers to dsqrt.o(.text) for _dsqrt
    sqrt.o(i.sqrt) refers to errno.o(i.__set_errno) for __set_errno
    sqrt_x.o(i.____softfp_sqrt$lsc) refers (Special) to iusefp.o(.text) for __I$use$fp
    sqrt_x.o(i.____softfp_sqrt$lsc) refers to cdcmple.o(.text) for __aeabi_cdcmple
    sqrt_x.o(i.____softfp_sqrt$lsc) refers to errno.o(i.__set_errno) for __set_errno
    sqrt_x.o(i.____softfp_sqrt$lsc) refers to dsqrt.o(.text) for _dsqrt
    sqrt_x.o(i.__sqrt$lsc) refers (Special) to iusefp.o(.text) for __I$use$fp
    sqrt_x.o(i.__sqrt$lsc) refers to cdcmple.o(.text) for __aeabi_cdcmple
    sqrt_x.o(i.__sqrt$lsc) refers to errno.o(i.__set_errno) for __set_errno
    sqrt_x.o(i.__sqrt$lsc) refers to dsqrt.o(.text) for _dsqrt
    entry2.o(.ARM.Collect$$$$00000001) refers to entry2.o(.ARM.Collect$$$$00002712) for __lit__00000000
    entry2.o(.ARM.Collect$$$$00002712) refers to arm_startup_nrf51.o(STACK) for __initial_sp
    entry2.o(__vectab_stack_and_reset_area) refers to arm_startup_nrf51.o(STACK) for __initial_sp
    entry2.o(__vectab_stack_and_reset_area) refers to entry.o(.ARM.Collect$$$$00000000) for __main
    entry5.o(.ARM.Collect$$$$00000004) refers to init.o(.text) for __scatterload
    entry9a.o(.ARM.Collect$$$$0000000B) refers to pcapint_main.o(i.main) for main
    entry9b.o(.ARM.Collect$$$$0000000C) refers to pcapint_main.o(i.main) for main
    errno.o(i.__aeabi_errno_addr) refers to errno.o(.data) for .data
    errno.o(i.__read_errno) refers to errno.o(.data) for .data
    errno.o(i.__set_errno) refers to errno.o(.data) for .data
    depilogue.o(.text) refers to depilogue.o(i.__ARM_clz) for __ARM_clz
    depilogue.o(.text) refers to llshl.o(.text) for __aeabi_llsl
    depilogue.o(.text) refers to llushr.o(.text) for __aeabi_llsr
    init.o(.text) refers to entry5.o(.ARM.Collect$$$$00000004) for __main_after_scatterload
    dsqrt.o(.text) refers to llushr.o(.text) for __aeabi_llsr
    dsqrt.o(.text) refers to depilogue.o(.text) for _double_round


==============================================================================

Removing Unused input sections from the image.

    Removing pcapint_main.o(.rev16_text), (4 bytes).
    Removing pcapint_main.o(.revsh_text), (4 bytes).
    Removing pcapint_main.o(.emb_text), (30 bytes).
    Removing pcapint_main.o(i.PROTOCOL_EVENT_IRQHandler), (2 bytes).
    Removing arm_startup_nrf51.o(HEAP), (2048 bytes).
    Removing system_nrf51422.o(.rev16_text), (4 bytes).
    Removing system_nrf51422.o(.revsh_text), (4 bytes).
    Removing system_nrf51422.o(i.SystemCoreClockUpdate), (16 bytes).
    Removing spi_master.o(.rev16_text), (4 bytes).
    Removing spi_master.o(.revsh_text), (4 bytes).
    Removing spi_master.o(.emb_text), (30 bytes).
    Removing nrf_delay.o(.rev16_text), (4 bytes).
    Removing nrf_delay.o(.revsh_text), (4 bytes).
    Removing cdcmple.o(.text), (40 bytes).

14 unused section(s) (total 2198 bytes) removed from the image.

==============================================================================

Image Symbol Table

    Local Symbols

    Symbol Name                              Value     Ov Type        Size  Object(Section)

    ../clib/../cmprslib/lz77c.c              0x00000000   Number         0  __dclz77c.o ABSOLUTE
    ../clib/microlib/division.c              0x00000000   Number         0  idiv.o ABSOLUTE
    ../clib/microlib/division.c              0x00000000   Number         0  uidiv.o ABSOLUTE
    ../clib/microlib/errno.c                 0x00000000   Number         0  errno.o ABSOLUTE
    ../clib/microlib/init/entry.s            0x00000000   Number         0  entry9a.o ABSOLUTE
    ../clib/microlib/init/entry.s            0x00000000   Number         0  entry10a.o ABSOLUTE
    ../clib/microlib/init/entry.s            0x00000000   Number         0  entry9b.o ABSOLUTE
    ../clib/microlib/init/entry.s            0x00000000   Number         0  entry8a.o ABSOLUTE
    ../clib/microlib/init/entry.s            0x00000000   Number         0  entry.o ABSOLUTE
    ../clib/microlib/init/entry.s            0x00000000   Number         0  entry8b.o ABSOLUTE
    ../clib/microlib/init/entry.s            0x00000000   Number         0  entry2.o ABSOLUTE
    ../clib/microlib/init/entry.s            0x00000000   Number         0  entry5.o ABSOLUTE
    ../clib/microlib/init/entry.s            0x00000000   Number         0  entry7a.o ABSOLUTE
    ../clib/microlib/init/entry.s            0x00000000   Number         0  entry11b.o ABSOLUTE
    ../clib/microlib/init/entry.s            0x00000000   Number         0  entry7b.o ABSOLUTE
    ../clib/microlib/init/entry.s            0x00000000   Number         0  entry11a.o ABSOLUTE
    ../clib/microlib/init/entry.s            0x00000000   Number         0  entry10b.o ABSOLUTE
    ../clib/microlib/longlong.c              0x00000000   Number         0  llshl.o ABSOLUTE
    ../clib/microlib/longlong.c              0x00000000   Number         0  llushr.o ABSOLUTE
    ../clib/microlib/longlong.c              0x00000000   Number         0  llsshr.o ABSOLUTE
    ../clib/microlib/stdlib/rand.c           0x00000000   Number         0  rand.o ABSOLUTE
    ../clib/microlib/stubs.s                 0x00000000   Number         0  iusefp.o ABSOLUTE
    ../fplib/microlib/d2f.c                  0x00000000   Number         0  d2f.o ABSOLUTE
    ../fplib/microlib/f2d.c                  0x00000000   Number         0  f2d.o ABSOLUTE
    ../fplib/microlib/fpadd.c                0x00000000   Number         0  fadd.o ABSOLUTE
    ../fplib/microlib/fpadd.c                0x00000000   Number         0  dadd.o ABSOLUTE
    ../fplib/microlib/fpdiv.c                0x00000000   Number         0  fdiv.o ABSOLUTE
    ../fplib/microlib/fpdiv.c                0x00000000   Number         0  ddiv.o ABSOLUTE
    ../fplib/microlib/fpepilogue.c           0x00000000   Number         0  depilogue.o ABSOLUTE
    ../fplib/microlib/fpepilogue.c           0x00000000   Number         0  fepilogue.o ABSOLUTE
    ../fplib/microlib/fpfix.c                0x00000000   Number         0  ffixui.o ABSOLUTE
    ../fplib/microlib/fpflt.c                0x00000000   Number         0  fflti.o ABSOLUTE
    ../fplib/microlib/fpflt.c                0x00000000   Number         0  ffltui.o ABSOLUTE
    ../fplib/microlib/fpflt.c                0x00000000   Number         0  dflti.o ABSOLUTE
    ../fplib/microlib/fpmul.c                0x00000000   Number         0  dmul.o ABSOLUTE
    ../fplib/microlib/fpmul.c                0x00000000   Number         0  fmul.o ABSOLUTE
    ../fplib/microlib/fpscalb.c              0x00000000   Number         0  dscalb.o ABSOLUTE
    ../fplib/microlib/fpsqrt.c               0x00000000   Number         0  dsqrt.o ABSOLUTE
    ../mathlib/dunder.c                      0x00000000   Number         0  dunder.o ABSOLUTE
    ../mathlib/fpclassify.c                  0x00000000   Number         0  fpclassify.o ABSOLUTE
    ../mathlib/poly.c                        0x00000000   Number         0  poly.o ABSOLUTE
    ../mathlib/pow.c                         0x00000000   Number         0  pow_x.o ABSOLUTE
    ../mathlib/pow.c                         0x00000000   Number         0  pow.o ABSOLUTE
    ../mathlib/qnan.c                        0x00000000   Number         0  qnan.o ABSOLUTE
    ../mathlib/sqrt.c                        0x00000000   Number         0  sqrt_x.o ABSOLUTE
    ../mathlib/sqrt.c                        0x00000000   Number         0  sqrt.o ABSOLUTE
    ..\PCAPint_main.c                        0x00000000   Number         0  pcapint_main.o ABSOLUTE
    ..\\PCAPint_main.c                       0x00000000   Number         0  pcapint_main.o ABSOLUTE
    ..\\nrf51422\\Source\\nrf_delay\\nrf_delay.c 0x00000000   Number         0  nrf_delay.o ABSOLUTE
    ..\\nrf51422\\Source\\spi_master\\spi_master.c 0x00000000   Number         0  spi_master.o ABSOLUTE
    ..\\nrf51422\\Source\\templates\\system_nrf51422.c 0x00000000   Number         0  system_nrf51422.o ABSOLUTE
    ..\nrf51422\Source\nrf_delay\nrf_delay.c 0x00000000   Number         0  nrf_delay.o ABSOLUTE
    ..\nrf51422\Source\spi_master\spi_master.c 0x00000000   Number         0  spi_master.o ABSOLUTE
    ..\nrf51422\Source\templates\system_nrf51422.c 0x00000000   Number         0  system_nrf51422.o ABSOLUTE
    arm_startup_nrf51.s                      0x00000000   Number         0  arm_startup_nrf51.o ABSOLUTE
    cdcmple.s                                0x00000000   Number         0  cdcmple.o ABSOLUTE
    cdrcmple.s                               0x00000000   Number         0  cdrcmple.o ABSOLUTE
    dc.s                                     0x00000000   Number         0  dc.o ABSOLUTE
    handlers.s                               0x00000000   Number         0  handlers.o ABSOLUTE
    init.s                                   0x00000000   Number         0  init.o ABSOLUTE
    RESET                                    0x0000c000   Section      192  arm_startup_nrf51.o(RESET)
    .ARM.Collect$$$$00000000                 0x0000c0c0   Section        0  entry.o(.ARM.Collect$$$$00000000)
    .ARM.Collect$$$$00000001                 0x0000c0c0   Section        4  entry2.o(.ARM.Collect$$$$00000001)
    .ARM.Collect$$$$00000004                 0x0000c0c4   Section        4  entry5.o(.ARM.Collect$$$$00000004)
    .ARM.Collect$$$$00000008                 0x0000c0c8   Section        0  entry7b.o(.ARM.Collect$$$$00000008)
    .ARM.Collect$$$$0000000A                 0x0000c0c8   Section        0  entry8b.o(.ARM.Collect$$$$0000000A)
    .ARM.Collect$$$$0000000B                 0x0000c0c8   Section        8  entry9a.o(.ARM.Collect$$$$0000000B)
    .ARM.Collect$$$$0000000D                 0x0000c0d0   Section        0  entry10a.o(.ARM.Collect$$$$0000000D)
    .ARM.Collect$$$$0000000F                 0x0000c0d0   Section        0  entry11a.o(.ARM.Collect$$$$0000000F)
    .ARM.Collect$$$$00002712                 0x0000c0d0   Section        4  entry2.o(.ARM.Collect$$$$00002712)
    __lit__00000000                          0x0000c0d0   Data           4  entry2.o(.ARM.Collect$$$$00002712)
    .emb_text                                0x0000c0d4   Section       30  nrf_delay.o(.emb_text)
    .text                                    0x0000c0f4   Section       44  arm_startup_nrf51.o(.text)
    .text                                    0x0000c120   Section        0  idiv.o(.text)
    .text                                    0x0000c148   Section        0  rand.o(.text)
    .text                                    0x0000c16c   Section        0  fadd.o(.text)
    .text                                    0x0000c21e   Section        0  fmul.o(.text)
    .text                                    0x0000c298   Section        0  fdiv.o(.text)
    .text                                    0x0000c314   Section        0  dadd.o(.text)
    .text                                    0x0000c478   Section        0  dmul.o(.text)
    .text                                    0x0000c548   Section        0  ddiv.o(.text)
    .text                                    0x0000c638   Section        0  fflti.o(.text)
    .text                                    0x0000c64e   Section        0  ffltui.o(.text)
    .text                                    0x0000c65c   Section        0  dflti.o(.text)
    .text                                    0x0000c684   Section        0  ffixui.o(.text)
    .text                                    0x0000c6ac   Section        0  f2d.o(.text)
    .text                                    0x0000c6d4   Section        0  d2f.o(.text)
    .text                                    0x0000c70c   Section        0  uidiv.o(.text)
    .text                                    0x0000c738   Section        0  llshl.o(.text)
    .text                                    0x0000c758   Section        0  llsshr.o(.text)
    .text                                    0x0000c77e   Section        0  iusefp.o(.text)
    .text                                    0x0000c77e   Section        0  fepilogue.o(.text)
    .text                                    0x0000c802   Section        0  depilogue.o(.text)
    .text                                    0x0000c8c2   Section        0  dscalb.o(.text)
    .text                                    0x0000c8f0   Section       40  cdrcmple.o(.text)
    .text                                    0x0000c918   Section       36  init.o(.text)
    .text                                    0x0000c93c   Section        0  llushr.o(.text)
    .text                                    0x0000c95e   Section        0  dsqrt.o(.text)
    .text                                    0x0000ca00   Section        0  __dclz77c.o(.text)
    i.RTC1_IRQHandler                        0x0000ca60   Section        0  pcapint_main.o(i.RTC1_IRQHandler)
    i.SystemInit                             0x0000ca88   Section        0  system_nrf51422.o(i.SystemInit)
    i.__ARM_clz                              0x0000cac0   Section        0  depilogue.o(i.__ARM_clz)
    i.__ARM_fpclassify                       0x0000caf0   Section        0  fpclassify.o(i.__ARM_fpclassify)
    i.__kernel_poly                          0x0000cb1c   Section        0  poly.o(i.__kernel_poly)
    i.__mathlib_dbl_underflow                0x0000cbc8   Section        0  dunder.o(i.__mathlib_dbl_underflow)
    i.__scatterload_copy                     0x0000cbdc   Section       14  handlers.o(i.__scatterload_copy)
    i.__scatterload_null                     0x0000cbea   Section        2  handlers.o(i.__scatterload_null)
    i.__scatterload_zeroinit                 0x0000cbec   Section       14  handlers.o(i.__scatterload_zeroinit)
    i.__set_errno                            0x0000cbfc   Section        0  errno.o(i.__set_errno)
    i.ant_channel_tx_broadcast_setup         0x0000cc08   Section        0  pcapint_main.o(i.ant_channel_tx_broadcast_setup)
    i.config_reg_set                         0x0000cc64   Section        0  pcapint_main.o(i.config_reg_set)
    i.data_extract                           0x0000cde0   Section        0  pcapint_main.o(i.data_extract)
    i.handle_channel_event                   0x0000ce20   Section        0  pcapint_main.o(i.handle_channel_event)
    handle_channel_event                     0x0000ce21   Thumb Code    80  pcapint_main.o(i.handle_channel_event)
    i.handle_error                           0x0000ce80   Section        0  pcapint_main.o(i.handle_error)
    handle_error                             0x0000ce81   Thumb Code     4  pcapint_main.o(i.handle_error)
    i.is_disabled_in_debug_needed            0x0000ce84   Section        0  system_nrf51422.o(i.is_disabled_in_debug_needed)
    is_disabled_in_debug_needed              0x0000ce85   Thumb Code    48  system_nrf51422.o(i.is_disabled_in_debug_needed)
    i.is_manual_peripheral_setup_needed      0x0000ceb8   Section        0  system_nrf51422.o(i.is_manual_peripheral_setup_needed)
    is_manual_peripheral_setup_needed        0x0000ceb9   Thumb Code    94  system_nrf51422.o(i.is_manual_peripheral_setup_needed)
    i.main                                   0x0000cf1c   Section        0  pcapint_main.o(i.main)
    i.nrf_delay_ms                           0x0000d1c0   Section        0  nrf_delay.o(i.nrf_delay_ms)
    i.nrf_gpio_cfg_input                     0x0000d1dc   Section        0  spi_master.o(i.nrf_gpio_cfg_input)
    nrf_gpio_cfg_input                       0x0000d1dd   Thumb Code    20  spi_master.o(i.nrf_gpio_cfg_input)
    i.nrf_gpio_cfg_output                    0x0000d1f0   Section        0  spi_master.o(i.nrf_gpio_cfg_output)
    nrf_gpio_cfg_output                      0x0000d1f1   Thumb Code    18  spi_master.o(i.nrf_gpio_cfg_output)
    i.nrf_gpio_pin_set                       0x0000d204   Section        0  spi_master.o(i.nrf_gpio_pin_set)
    nrf_gpio_pin_set                         0x0000d205   Thumb Code    10  spi_master.o(i.nrf_gpio_pin_set)
    i.pack                                   0x0000d214   Section        0  pcapint_main.o(i.pack)
    i.pcap_broadcast_data                    0x0000d248   Section        0  pcapint_main.o(i.pcap_broadcast_data)
    pcap_broadcast_data                      0x0000d249   Thumb Code    68  pcapint_main.o(i.pcap_broadcast_data)
    i.pcap_commcheck                         0x0000d290   Section        0  pcapint_main.o(i.pcap_commcheck)
    i.pcap_config                            0x0000d2dc   Section        0  pcapint_main.o(i.pcap_config)
    i.pcap_config_write                      0x0000d338   Section        0  pcapint_main.o(i.pcap_config_write)
    i.pcap_dsp_write                         0x0000d43c   Section        0  pcapint_main.o(i.pcap_dsp_write)
    i.pcap_measure                           0x0000d4b8   Section        0  pcapint_main.o(i.pcap_measure)
    i.pcap_spi_set                           0x0000d66c   Section        0  pcapint_main.o(i.pcap_spi_set)
    i.pcap_spi_tx_rx                         0x0000d680   Section        0  pcapint_main.o(i.pcap_spi_tx_rx)
    i.pow                                    0x0000d6a8   Section        0  pow.o(i.pow)
    i.read_reg                               0x0000e090   Section        0  pcapint_main.o(i.read_reg)
    i.softdevice_assert_callback             0x0000e0f0   Section        0  pcapint_main.o(i.softdevice_assert_callback)
    i.spi_master_init                        0x0000e0f4   Section        0  spi_master.o(i.spi_master_init)
    i.spi_master_tx_rx                       0x0000e1f8   Section        0  spi_master.o(i.spi_master_tx_rx)
    i.sqrt                                   0x0000e288   Section        0  sqrt.o(i.sqrt)
    .constdata                               0x0000e2d0   Section      136  pow.o(.constdata)
    bp                                       0x0000e2d0   Data          16  pow.o(.constdata)
    dp_h                                     0x0000e2e0   Data          16  pow.o(.constdata)
    dp_l                                     0x0000e2f0   Data          16  pow.o(.constdata)
    L                                        0x0000e300   Data          48  pow.o(.constdata)
    P                                        0x0000e330   Data          40  pow.o(.constdata)
    .constdata                               0x0000e358   Section        8  qnan.o(.constdata)
    .data                                    0x20000900   Section     4125  pcapint_main.o(.data)
    prgdata                                  0x20000900   Data        4096  pcapint_main.o(.data)
    tx_data                                  0x20001904   Data           8  pcapint_main.o(.data)
    rx_data                                  0x2000190c   Data           8  pcapint_main.o(.data)
    MSG_LEN                                  0x20001914   Data           1  pcapint_main.o(.data)
    s_broadcast_data                         0x20001915   Data           8  pcapint_main.o(.data)
    .data                                    0x20001920   Section        4  system_nrf51422.o(.data)
    __tagsym$$used                           0x20001920   Number         0  system_nrf51422.o(.data)
    .data                                    0x20001924   Section        4  rand.o(.data)
    _rand_state                              0x20001924   Data           4  rand.o(.data)
    .data                                    0x20001928   Section        4  errno.o(.data)
    _errno                                   0x20001928   Data           4  errno.o(.data)
    .bss                                     0x2000192c   Section       64  pcapint_main.o(.bss)
    event_message_buffer                     0x2000192c   Data          32  pcapint_main.o(.bss)
    cap_t                                    0x2000194c   Data          32  pcapint_main.o(.bss)
    STACK                                    0x20001970   Section     2048  arm_startup_nrf51.o(STACK)

    Global Symbols

    Symbol Name                              Value     Ov Type        Size  Object(Section)

    BuildAttributes$$THM_ISAv3M$S$PE$A:L22$X:L11$S22$IEEE1$IW$USESV6$~STKCKD$USESV7$~SHL$OTIME$ROPI$IEEEX$EBA8$MICROLIB$REQ8$PRES8$EABIv2 0x00000000   Number         0  anon$$obj.o ABSOLUTE
    __ARM_use_no_argv                        0x00000000   Number         0  pcapint_main.o ABSOLUTE
    __cpp_initialize__aeabi_                  - Undefined Weak Reference
    __cxa_finalize                            - Undefined Weak Reference
    _clock_init                               - Undefined Weak Reference
    _microlib_exit                            - Undefined Weak Reference
    __Vectors_Size                           0x000000c0   Number         0  arm_startup_nrf51.o ABSOLUTE
    __Vectors                                0x0000c000   Data           4  arm_startup_nrf51.o(RESET)
    __Vectors_End                            0x0000c0c0   Data           0  arm_startup_nrf51.o(RESET)
    __main                                   0x0000c0c1   Thumb Code     0  entry.o(.ARM.Collect$$$$00000000)
    _main_stk                                0x0000c0c1   Thumb Code     0  entry2.o(.ARM.Collect$$$$00000001)
    _main_scatterload                        0x0000c0c5   Thumb Code     0  entry5.o(.ARM.Collect$$$$00000004)
    __main_after_scatterload                 0x0000c0c9   Thumb Code     0  entry5.o(.ARM.Collect$$$$00000004)
    _main_clock                              0x0000c0c9   Thumb Code     0  entry7b.o(.ARM.Collect$$$$00000008)
    _main_cpp_init                           0x0000c0c9   Thumb Code     0  entry8b.o(.ARM.Collect$$$$0000000A)
    _main_init                               0x0000c0c9   Thumb Code     0  entry9a.o(.ARM.Collect$$$$0000000B)
    __rt_final_cpp                           0x0000c0d1   Thumb Code     0  entry10a.o(.ARM.Collect$$$$0000000D)
    __rt_final_exit                          0x0000c0d1   Thumb Code     0  entry11a.o(.ARM.Collect$$$$0000000F)
    __asm___11_nrf_delay_c_532987f3__nrf_delay_us 0x0000c0d5   Thumb Code    30  nrf_delay.o(.emb_text)
    Reset_Handler                            0x0000c0f5   Thumb Code    18  arm_startup_nrf51.o(.text)
    NMI_Handler                              0x0000c107   Thumb Code     2  arm_startup_nrf51.o(.text)
    HardFault_Handler                        0x0000c109   Thumb Code     2  arm_startup_nrf51.o(.text)
    SVC_Handler                              0x0000c10b   Thumb Code     2  arm_startup_nrf51.o(.text)
    PendSV_Handler                           0x0000c10d   Thumb Code     2  arm_startup_nrf51.o(.text)
    SysTick_Handler                          0x0000c10f   Thumb Code     2  arm_startup_nrf51.o(.text)
    ADC_IRQHandler                           0x0000c111   Thumb Code     0  arm_startup_nrf51.o(.text)
    CCM_AAR_IRQHandler                       0x0000c111   Thumb Code     0  arm_startup_nrf51.o(.text)
    ECB_IRQHandler                           0x0000c111   Thumb Code     0  arm_startup_nrf51.o(.text)
    GPIOTE_IRQHandler                        0x0000c111   Thumb Code     0  arm_startup_nrf51.o(.text)
    POWER_CLOCK_IRQHandler                   0x0000c111   Thumb Code     0  arm_startup_nrf51.o(.text)
    QDEC_IRQHandler                          0x0000c111   Thumb Code     0  arm_startup_nrf51.o(.text)
    RADIO_IRQHandler                         0x0000c111   Thumb Code     0  arm_startup_nrf51.o(.text)
    RNG_IRQHandler                           0x0000c111   Thumb Code     0  arm_startup_nrf51.o(.text)
    RTC0_IRQHandler                          0x0000c111   Thumb Code     0  arm_startup_nrf51.o(.text)
    SPI0_TWI0_IRQHandler                     0x0000c111   Thumb Code     0  arm_startup_nrf51.o(.text)
    SPI1_TWI1_IRQHandler                     0x0000c111   Thumb Code     0  arm_startup_nrf51.o(.text)
    SWI0_IRQHandler                          0x0000c111   Thumb Code     0  arm_startup_nrf51.o(.text)
    SWI1_IRQHandler                          0x0000c111   Thumb Code     0  arm_startup_nrf51.o(.text)
    SWI2_IRQHandler                          0x0000c111   Thumb Code     0  arm_startup_nrf51.o(.text)
    SWI3_IRQHandler                          0x0000c111   Thumb Code     0  arm_startup_nrf51.o(.text)
    SWI4_IRQHandler                          0x0000c111   Thumb Code     0  arm_startup_nrf51.o(.text)
    SWI5_IRQHandler                          0x0000c111   Thumb Code     0  arm_startup_nrf51.o(.text)
    TEMP_IRQHandler                          0x0000c111   Thumb Code     0  arm_startup_nrf51.o(.text)
    TIMER0_IRQHandler                        0x0000c111   Thumb Code     0  arm_startup_nrf51.o(.text)
    TIMER1_IRQHandler                        0x0000c111   Thumb Code     0  arm_startup_nrf51.o(.text)
    TIMER2_IRQHandler                        0x0000c111   Thumb Code     0  arm_startup_nrf51.o(.text)
    UART0_IRQHandler                         0x0000c111   Thumb Code     0  arm_startup_nrf51.o(.text)
    WDT_IRQHandler                           0x0000c111   Thumb Code     0  arm_startup_nrf51.o(.text)
    WUCOMP_COMP_IRQHandler                   0x0000c111   Thumb Code     0  arm_startup_nrf51.o(.text)
    __aeabi_idiv                             0x0000c121   Thumb Code     0  idiv.o(.text)
    __aeabi_idivmod                          0x0000c121   Thumb Code    40  idiv.o(.text)
    rand                                     0x0000c149   Thumb Code    18  rand.o(.text)
    srand                                    0x0000c15b   Thumb Code     6  rand.o(.text)
    __aeabi_fadd                             0x0000c16d   Thumb Code   162  fadd.o(.text)
    __aeabi_fsub                             0x0000c20f   Thumb Code     8  fadd.o(.text)
    __aeabi_frsub                            0x0000c217   Thumb Code     8  fadd.o(.text)
    __aeabi_fmul                             0x0000c21f   Thumb Code   122  fmul.o(.text)
    __aeabi_fdiv                             0x0000c299   Thumb Code   124  fdiv.o(.text)
    __aeabi_dadd                             0x0000c315   Thumb Code   326  dadd.o(.text)
    __aeabi_dsub                             0x0000c45b   Thumb Code    12  dadd.o(.text)
    __aeabi_drsub                            0x0000c467   Thumb Code    12  dadd.o(.text)
    __aeabi_dmul                             0x0000c479   Thumb Code   202  dmul.o(.text)
    __aeabi_ddiv                             0x0000c549   Thumb Code   234  ddiv.o(.text)
    __aeabi_i2f                              0x0000c639   Thumb Code    22  fflti.o(.text)
    __aeabi_ui2f                             0x0000c64f   Thumb Code    14  ffltui.o(.text)
    __aeabi_i2d                              0x0000c65d   Thumb Code    34  dflti.o(.text)
    __aeabi_f2uiz                            0x0000c685   Thumb Code    40  ffixui.o(.text)
    __aeabi_f2d                              0x0000c6ad   Thumb Code    40  f2d.o(.text)
    __aeabi_d2f                              0x0000c6d5   Thumb Code    56  d2f.o(.text)
    __aeabi_uidiv                            0x0000c70d   Thumb Code     0  uidiv.o(.text)
    __aeabi_uidivmod                         0x0000c70d   Thumb Code    44  uidiv.o(.text)
    __aeabi_llsl                             0x0000c739   Thumb Code    32  llshl.o(.text)
    _ll_shift_l                              0x0000c739   Thumb Code     0  llshl.o(.text)
    __aeabi_lasr                             0x0000c759   Thumb Code    38  llsshr.o(.text)
    _ll_sshift_r                             0x0000c759   Thumb Code     0  llsshr.o(.text)
    __I$use$fp                               0x0000c77f   Thumb Code     0  iusefp.o(.text)
    _float_round                             0x0000c77f   Thumb Code    16  fepilogue.o(.text)
    _float_epilogue                          0x0000c78f   Thumb Code   116  fepilogue.o(.text)
    _double_round                            0x0000c803   Thumb Code    26  depilogue.o(.text)
    _double_epilogue                         0x0000c81d   Thumb Code   166  depilogue.o(.text)
    __ARM_scalbn                             0x0000c8c3   Thumb Code    44  dscalb.o(.text)
    scalbn                                   0x0000c8c3   Thumb Code     0  dscalb.o(.text)
    __aeabi_cdrcmple                         0x0000c8f1   Thumb Code    38  cdrcmple.o(.text)
    __scatterload                            0x0000c919   Thumb Code    28  init.o(.text)
    __scatterload_rt2                        0x0000c919   Thumb Code     0  init.o(.text)
    __aeabi_llsr                             0x0000c93d   Thumb Code    34  llushr.o(.text)
    _ll_ushift_r                             0x0000c93d   Thumb Code     0  llushr.o(.text)
    _dsqrt                                   0x0000c95f   Thumb Code   162  dsqrt.o(.text)
    __decompress                             0x0000ca01   Thumb Code     0  __dclz77c.o(.text)
    __decompress2                            0x0000ca01   Thumb Code    94  __dclz77c.o(.text)
    RTC1_IRQHandler                          0x0000ca61   Thumb Code    26  pcapint_main.o(i.RTC1_IRQHandler)
    SystemInit                               0x0000ca89   Thumb Code    38  system_nrf51422.o(i.SystemInit)
    __ARM_clz                                0x0000cac1   Thumb Code    46  depilogue.o(i.__ARM_clz)
    __ARM_fpclassify                         0x0000caf1   Thumb Code    38  fpclassify.o(i.__ARM_fpclassify)
    __kernel_poly                            0x0000cb1d   Thumb Code   172  poly.o(i.__kernel_poly)
    __mathlib_dbl_underflow                  0x0000cbc9   Thumb Code    14  dunder.o(i.__mathlib_dbl_underflow)
    __scatterload_copy                       0x0000cbdd   Thumb Code    14  handlers.o(i.__scatterload_copy)
    __scatterload_null                       0x0000cbeb   Thumb Code     2  handlers.o(i.__scatterload_null)
    __scatterload_zeroinit                   0x0000cbed   Thumb Code    14  handlers.o(i.__scatterload_zeroinit)
    __set_errno                              0x0000cbfd   Thumb Code     6  errno.o(i.__set_errno)
    ant_channel_tx_broadcast_setup           0x0000cc09   Thumb Code    86  pcapint_main.o(i.ant_channel_tx_broadcast_setup)
    config_reg_set                           0x0000cc65   Thumb Code   374  pcapint_main.o(i.config_reg_set)
    data_extract                             0x0000cde1   Thumb Code    58  pcapint_main.o(i.data_extract)
    main                                     0x0000cf1d   Thumb Code   626  pcapint_main.o(i.main)
    nrf_delay_ms                             0x0000d1c1   Thumb Code    24  nrf_delay.o(i.nrf_delay_ms)
    pack                                     0x0000d215   Thumb Code    50  pcapint_main.o(i.pack)
    pcap_commcheck                           0x0000d291   Thumb Code    62  pcapint_main.o(i.pcap_commcheck)
    pcap_config                              0x0000d2dd   Thumb Code    78  pcapint_main.o(i.pcap_config)
    pcap_config_write                        0x0000d339   Thumb Code   246  pcapint_main.o(i.pcap_config_write)
    pcap_dsp_write                           0x0000d43d   Thumb Code   106  pcapint_main.o(i.pcap_dsp_write)
    pcap_measure                             0x0000d4b9   Thumb Code   372  pcapint_main.o(i.pcap_measure)
    pcap_spi_set                             0x0000d66d   Thumb Code    20  pcapint_main.o(i.pcap_spi_set)
    pcap_spi_tx_rx                           0x0000d681   Thumb Code    34  pcapint_main.o(i.pcap_spi_tx_rx)
    pow                                      0x0000d6a9   Thumb Code  2526  pow.o(i.pow)
    read_reg                                 0x0000e091   Thumb Code    84  pcapint_main.o(i.read_reg)
    softdevice_assert_callback               0x0000e0f1   Thumb Code     4  pcapint_main.o(i.softdevice_assert_callback)
    spi_master_init                          0x0000e0f5   Thumb Code   250  spi_master.o(i.spi_master_init)
    spi_master_tx_rx                         0x0000e1f9   Thumb Code   134  spi_master.o(i.spi_master_tx_rx)
    sqrt                                     0x0000e289   Thumb Code    66  sqrt.o(i.sqrt)
    __mathlib_zero                           0x0000e358   Data           8  qnan.o(.constdata)
    Region$$Table$$Base                      0x0000e360   Number         0  anon$$obj.o(Region$$Table)
    Region$$Table$$Limit                     0x0000e370   Number         0  anon$$obj.o(Region$$Table)
    rtc_flag                                 0x20001900   Data           4  pcapint_main.o(.data)
    SystemCoreClock                          0x20001920   Data           4  system_nrf51422.o(.data)
    __initial_sp                             0x20002170   Data           0  arm_startup_nrf51.o(STACK)



==============================================================================

Memory Map of the image

  Image Entry point : 0x0000c0c1

  Load Region LR_IROM1 (Base: 0x0000c000, Size: 0x0000339c, Max: 0x00034000, ABSOLUTE, COMPRESSED[0x000025e0])

    Execution Region ER_IROM1 (Base: 0x0000c000, Size: 0x00002370, Max: 0x00034000, ABSOLUTE)

    Base Addr    Size         Type   Attr      Idx    E Section Name        Object

    0x0000c000   0x000000c0   Data   RO          250    RESET               arm_startup_nrf51.o
    0x0000c0c0   0x00000000   Code   RO          392  * .ARM.Collect$$$$00000000  mc_p.l(entry.o)
    0x0000c0c0   0x00000004   Code   RO          439    .ARM.Collect$$$$00000001  mc_p.l(entry2.o)
    0x0000c0c4   0x00000004   Code   RO          442    .ARM.Collect$$$$00000004  mc_p.l(entry5.o)
    0x0000c0c8   0x00000000   Code   RO          444    .ARM.Collect$$$$00000008  mc_p.l(entry7b.o)
    0x0000c0c8   0x00000000   Code   RO          446    .ARM.Collect$$$$0000000A  mc_p.l(entry8b.o)
    0x0000c0c8   0x00000008   Code   RO          447    .ARM.Collect$$$$0000000B  mc_p.l(entry9a.o)
    0x0000c0d0   0x00000000   Code   RO          449    .ARM.Collect$$$$0000000D  mc_p.l(entry10a.o)
    0x0000c0d0   0x00000000   Code   RO          451    .ARM.Collect$$$$0000000F  mc_p.l(entry11a.o)
    0x0000c0d0   0x00000004   Code   RO          440    .ARM.Collect$$$$00002712  mc_p.l(entry2.o)
    0x0000c0d4   0x0000001e   Code   RO          353    .emb_text           nrf_delay.o
    0x0000c0f2   0x00000002   PAD
    0x0000c0f4   0x0000002c   Code   RO          251    .text               arm_startup_nrf51.o
    0x0000c120   0x00000028   Code   RO          395    .text               mc_p.l(idiv.o)
    0x0000c148   0x00000024   Code   RO          397    .text               mc_p.l(rand.o)
    0x0000c16c   0x000000b2   Code   RO          400    .text               mf_p.l(fadd.o)
    0x0000c21e   0x0000007a   Code   RO          402    .text               mf_p.l(fmul.o)
    0x0000c298   0x0000007c   Code   RO          404    .text               mf_p.l(fdiv.o)
    0x0000c314   0x00000164   Code   RO          406    .text               mf_p.l(dadd.o)
    0x0000c478   0x000000d0   Code   RO          408    .text               mf_p.l(dmul.o)
    0x0000c548   0x000000f0   Code   RO          410    .text               mf_p.l(ddiv.o)
    0x0000c638   0x00000016   Code   RO          412    .text               mf_p.l(fflti.o)
    0x0000c64e   0x0000000e   Code   RO          414    .text               mf_p.l(ffltui.o)
    0x0000c65c   0x00000028   Code   RO          416    .text               mf_p.l(dflti.o)
    0x0000c684   0x00000028   Code   RO          418    .text               mf_p.l(ffixui.o)
    0x0000c6ac   0x00000028   Code   RO          420    .text               mf_p.l(f2d.o)
    0x0000c6d4   0x00000038   Code   RO          422    .text               mf_p.l(d2f.o)
    0x0000c70c   0x0000002c   Code   RO          453    .text               mc_p.l(uidiv.o)
    0x0000c738   0x00000020   Code   RO          455    .text               mc_p.l(llshl.o)
    0x0000c758   0x00000026   Code   RO          457    .text               mc_p.l(llsshr.o)
    0x0000c77e   0x00000000   Code   RO          466    .text               mc_p.l(iusefp.o)
    0x0000c77e   0x00000084   Code   RO          467    .text               mf_p.l(fepilogue.o)
    0x0000c802   0x000000c0   Code   RO          469    .text               mf_p.l(depilogue.o)
    0x0000c8c2   0x0000002c   Code   RO          473    .text               mf_p.l(dscalb.o)
    0x0000c8ee   0x00000002   PAD
    0x0000c8f0   0x00000028   Code   RO          475    .text               mf_p.l(cdrcmple.o)
    0x0000c918   0x00000024   Code   RO          477    .text               mc_p.l(init.o)
    0x0000c93c   0x00000022   Code   RO          479    .text               mc_p.l(llushr.o)
    0x0000c95e   0x000000a2   Code   RO          481    .text               mf_p.l(dsqrt.o)
    0x0000ca00   0x0000005e   Code   RO          493    .text               mc_p.l(__dclz77c.o)
    0x0000ca5e   0x00000002   PAD
    0x0000ca60   0x00000028   Code   RO            5    i.RTC1_IRQHandler   pcapint_main.o
    0x0000ca88   0x00000038   Code   RO          258    i.SystemInit        system_nrf51422.o
    0x0000cac0   0x0000002e   Code   RO          471    i.__ARM_clz         mf_p.l(depilogue.o)
    0x0000caee   0x00000002   PAD
    0x0000caf0   0x0000002c   Code   RO          426    i.__ARM_fpclassify  m_ps.l(fpclassify.o)
    0x0000cb1c   0x000000ac   Code   RO          428    i.__kernel_poly     m_ps.l(poly.o)
    0x0000cbc8   0x00000014   Code   RO          424    i.__mathlib_dbl_underflow  m_ps.l(dunder.o)
    0x0000cbdc   0x0000000e   Code   RO          487    i.__scatterload_copy  mc_p.l(handlers.o)
    0x0000cbea   0x00000002   Code   RO          488    i.__scatterload_null  mc_p.l(handlers.o)
    0x0000cbec   0x0000000e   Code   RO          489    i.__scatterload_zeroinit  mc_p.l(handlers.o)
    0x0000cbfa   0x00000002   PAD
    0x0000cbfc   0x0000000c   Code   RO          461    i.__set_errno       mc_p.l(errno.o)
    0x0000cc08   0x0000005c   Code   RO            6    i.ant_channel_tx_broadcast_setup  pcapint_main.o
    0x0000cc64   0x0000017c   Code   RO            7    i.config_reg_set    pcapint_main.o
    0x0000cde0   0x00000040   Code   RO            8    i.data_extract      pcapint_main.o
    0x0000ce20   0x00000060   Code   RO            9    i.handle_channel_event  pcapint_main.o
    0x0000ce80   0x00000004   Code   RO           10    i.handle_error      pcapint_main.o
    0x0000ce84   0x00000034   Code   RO          259    i.is_disabled_in_debug_needed  system_nrf51422.o
    0x0000ceb8   0x00000064   Code   RO          260    i.is_manual_peripheral_setup_needed  system_nrf51422.o
    0x0000cf1c   0x000002a4   Code   RO           11    i.main              pcapint_main.o
    0x0000d1c0   0x0000001c   Code   RO          354    i.nrf_delay_ms      nrf_delay.o
    0x0000d1dc   0x00000014   Code   RO          303    i.nrf_gpio_cfg_input  spi_master.o
    0x0000d1f0   0x00000012   Code   RO          304    i.nrf_gpio_cfg_output  spi_master.o
    0x0000d202   0x00000002   PAD
    0x0000d204   0x00000010   Code   RO          305    i.nrf_gpio_pin_set  spi_master.o
    0x0000d214   0x00000032   Code   RO           12    i.pack              pcapint_main.o
    0x0000d246   0x00000002   PAD
    0x0000d248   0x00000048   Code   RO           13    i.pcap_broadcast_data  pcapint_main.o
    0x0000d290   0x0000004c   Code   RO           14    i.pcap_commcheck    pcapint_main.o
    0x0000d2dc   0x0000005c   Code   RO           15    i.pcap_config       pcapint_main.o
    0x0000d338   0x00000104   Code   RO           16    i.pcap_config_write  pcapint_main.o
    0x0000d43c   0x0000007c   Code   RO           17    i.pcap_dsp_write    pcapint_main.o
    0x0000d4b8   0x000001b4   Code   RO           18    i.pcap_measure      pcapint_main.o
    0x0000d66c   0x00000014   Code   RO           19    i.pcap_spi_set      pcapint_main.o
    0x0000d680   0x00000028   Code   RO           20    i.pcap_spi_tx_rx    pcapint_main.o
    0x0000d6a8   0x000009e8   Code   RO          383    i.pow               m_ps.l(pow.o)
    0x0000e090   0x00000060   Code   RO           21    i.read_reg          pcapint_main.o
    0x0000e0f0   0x00000004   Code   RO           22    i.softdevice_assert_callback  pcapint_main.o
    0x0000e0f4   0x00000104   Code   RO          306    i.spi_master_init   spi_master.o
    0x0000e1f8   0x00000090   Code   RO          307    i.spi_master_tx_rx  spi_master.o
    0x0000e288   0x00000048   Code   RO          432    i.sqrt              m_ps.l(sqrt.o)
    0x0000e2d0   0x00000088   Data   RO          384    .constdata          m_ps.l(pow.o)
    0x0000e358   0x00000008   Data   RO          430    .constdata          m_ps.l(qnan.o)
    0x0000e360   0x00000010   Data   RO          485    Region$$Table       anon$$obj.o


    Execution Region RW_IRAM1 (Base: 0x20000900, Size: 0x00001870, Max: 0x00003700, ABSOLUTE, UNINIT, COMPRESSED[0x00000270])

    Base Addr    Size         Type   Attr      Idx    E Section Name        Object

    0x20000900   0x0000101d   Data   RW           24    .data               pcapint_main.o
    0x2000191d   0x00000003   PAD
    0x20001920   0x00000004   Data   RW          261    .data               system_nrf51422.o
    0x20001924   0x00000004   Data   RW          398    .data               mc_p.l(rand.o)
    0x20001928   0x00000004   Data   RW          462    .data               mc_p.l(errno.o)
    0x2000192c   0x00000040   Zero   RW           23    .bss                pcapint_main.o
    0x2000196c   0x00000004   PAD
    0x20001970   0x00000800   Zero   RW          248    STACK               arm_startup_nrf51.o


==============================================================================

Image component sizes


      Code (inc. data)   RO Data    RW Data    ZI Data      Debug   Object Name

        44         14        192          0       2048        572   arm_startup_nrf51.o
        58          4          0          0          0       1335   nrf_delay.o
      2622        244          0       4125         64      41131   pcapint_main.o
       458         26          0          0          0       5681   spi_master.o
       208         28          0          4          0       1763   system_nrf51422.o

    ----------------------------------------------------------------------
      3396        316        208       4132       2116      50482   Object Totals
         0          0         16          0          0          0   (incl. Generated)
         6          0          0          3          4          0   (incl. Padding)

    ----------------------------------------------------------------------

      Code (inc. data)   RO Data    RW Data    ZI Data      Debug   Library Member Name

        20          6          0          0          0         68   dunder.o
        44          6          0          0          0         60   fpclassify.o
       172          0          0          0          0         76   poly.o
      2536        224        136          0          0        216   pow.o
         0          0          8          0          0          0   qnan.o
        72          6          0          0          0         76   sqrt.o
        94          0          0          0          0          0   __dclz77c.o
         0          0          0          0          0          0   entry.o
         0          0          0          0          0          0   entry10a.o
         0          0          0          0          0          0   entry11a.o
         8          4          0          0          0          0   entry2.o
         4          0          0          0          0          0   entry5.o
         0          0          0          0          0          0   entry7b.o
         0          0          0          0          0          0   entry8b.o
         8          4          0          0          0          0   entry9a.o
        12          6          0          4          0         60   errno.o
        30          0          0          0          0          0   handlers.o
        40          0          0          0          0         72   idiv.o
        36          8          0          0          0         68   init.o
         0          0          0          0          0          0   iusefp.o
        32          0          0          0          0         68   llshl.o
        38          0          0          0          0         68   llsshr.o
        34          0          0          0          0         68   llushr.o
        36         12          0          4          0        120   rand.o
        44          0          0          0          0         72   uidiv.o
        40          2          0          0          0         68   cdrcmple.o
        56          0          0          0          0         68   d2f.o
       356          6          0          0          0        140   dadd.o
       240          6          0          0          0         84   ddiv.o
       238          0          0          0          0        216   depilogue.o
        40          6          0          0          0         68   dflti.o
       208          6          0          0          0         88   dmul.o
        44          0          0          0          0         72   dscalb.o
       162          0          0          0          0         80   dsqrt.o
        40          0          0          0          0         60   f2d.o
       178          0          0          0          0        108   fadd.o
       124          0          0          0          0         72   fdiv.o
       132          0          0          0          0        144   fepilogue.o
        40          0          0          0          0         60   ffixui.o
        22          0          0          0          0         68   fflti.o
        14          0          0          0          0         68   ffltui.o
       122          0          0          0          0         72   fmul.o

    ----------------------------------------------------------------------
      5324        302        144          8          0       2628   Library Totals
         8          0          0          0          0          0   (incl. Padding)

    ----------------------------------------------------------------------

      Code (inc. data)   RO Data    RW Data    ZI Data      Debug   Library Name

      2844        242        144          0          0        496   m_ps.l
       416         34          0          8          0        596   mc_p.l
      2056         26          0          0          0       1536   mf_p.l

    ----------------------------------------------------------------------
      5324        302        144          8          0       2628   Library Totals

    ----------------------------------------------------------------------

==============================================================================


      Code (inc. data)   RO Data    RW Data    ZI Data      Debug   

      8720        618        352       4140       2116      50622   Grand Totals
      8720        618        352        624       2116      50622   ELF Image Totals (compressed)
      8720        618        352        624          0          0   ROM Totals

==============================================================================

    Total RO  Size (Code + RO Data)                 9072 (   8.86kB)
    Total RW  Size (RW Data + ZI Data)              6256 (   6.11kB)
    Total ROM Size (Code + RO Data + RW Data)       9696 (   9.47kB)

==============================================================================

