ARM Linker, 5.03 [Build 76] [MDK-ARM Lite]

==============================================================================

Section Cross References

    pcapint_main.o(i.RTC1_IRQHandler) refers to pcapint_main.o(.data) for rtc_flag
    pcapint_main.o(i.config_reg_set) refers to pcapint_main.o(i.pack) for pack
    pcapint_main.o(i.config_reg_set) refers to pcapint_main.o(i.pcap_config_write) for pcap_config_write
    pcapint_main.o(i.data_extract) refers to ffltui.o(.text) for __aeabi_ui2f
    pcapint_main.o(i.data_extract) refers to pow.o(i.pow) for pow
    pcapint_main.o(i.data_extract) refers to f2d.o(.text) for __aeabi_f2d
    pcapint_main.o(i.data_extract) refers to ddiv.o(.text) for __aeabi_ddiv
    pcapint_main.o(i.data_extract) refers to d2f.o(.text) for __aeabi_d2f
    pcapint_main.o(i.handle_channel_event) refers to pcapint_main.o(i.pcap_broadcast_data) for pcap_broadcast_data
    pcapint_main.o(i.handle_channel_event) refers to pcapint_main.o(i.handle_error) for handle_error
    pcapint_main.o(i.handle_channel_event) refers to nrf_delay.o(i.nrf_delay_ms) for nrf_delay_ms
    pcapint_main.o(i.handle_channel_event) refers to pcapint_main.o(.data) for s_broadcast_data
    pcapint_main.o(i.main) refers to pcapint_main.o(i.ant_channel_tx_broadcast_setup) for ant_channel_tx_broadcast_setup
    pcapint_main.o(i.main) refers to pcapint_main.o(i.pcap_spi_set) for pcap_spi_set
    pcapint_main.o(i.main) refers to pcapint_main.o(i.pcap_dsp_write) for pcap_dsp_write
    pcapint_main.o(i.main) refers to pcapint_main.o(i.pcap_spi_tx_rx) for pcap_spi_tx_rx
    pcapint_main.o(i.main) refers to nrf_delay.o(i.nrf_delay_ms) for nrf_delay_ms
    pcapint_main.o(i.main) refers to pcapint_main.o(i.config_reg_set) for config_reg_set
    pcapint_main.o(i.main) refers to pcapint_main.o(i.read_reg) for read_reg
    pcapint_main.o(i.main) refers to pcapint_main.o(i.data_extract) for data_extract
    pcapint_main.o(i.main) refers to fmul.o(.text) for __aeabi_fmul
    pcapint_main.o(i.main) refers to pcapint_main.o(i.handle_channel_event) for handle_channel_event
    pcapint_main.o(i.main) refers to pcapint_main.o(i.softdevice_assert_callback) for softdevice_assert_callback
    pcapint_main.o(i.main) refers to pcapint_main.o(.data) for MSG_LEN
    pcapint_main.o(i.main) refers to pcapint_main.o(.bss) for cap_t
    pcapint_main.o(i.pcap_broadcast_data) refers to pcapint_main.o(.data) for s_broadcast_data
    pcapint_main.o(i.pcap_config_write) refers to pcapint_main.o(i.pcap_spi_tx_rx) for pcap_spi_tx_rx
    pcapint_main.o(i.pcap_config_write) refers to nrf_delay.o(i.nrf_delay_ms) for nrf_delay_ms
    pcapint_main.o(i.pcap_config_write) refers to pcapint_main.o(.data) for MSG_LEN
    pcapint_main.o(i.pcap_dsp_write) refers to pcapint_main.o(i.pcap_spi_tx_rx) for pcap_spi_tx_rx
    pcapint_main.o(i.pcap_dsp_write) refers to pcapint_main.o(.data) for MSG_LEN
    pcapint_main.o(i.pcap_spi_set) refers to spi_master.o(i.spi_master_init) for spi_master_init
    pcapint_main.o(i.pcap_spi_tx_rx) refers to spi_master.o(i.spi_master_tx_rx) for spi_master_tx_rx
    pcapint_main.o(i.pcap_spi_tx_rx) refers to pcapint_main.o(.data) for rx_data
    pcapint_main.o(i.read_reg) refers to nrf_delay.o(i.nrf_delay_ms) for nrf_delay_ms
    pcapint_main.o(i.read_reg) refers to pcapint_main.o(i.pcap_spi_tx_rx) for pcap_spi_tx_rx
    pcapint_main.o(i.read_reg) refers to pcapint_main.o(i.pack) for pack
    pcapint_main.o(i.read_reg) refers to pcapint_main.o(.data) for MSG_LEN
    arm_startup_nrf51.o(RESET) refers to arm_startup_nrf51.o(STACK) for __initial_sp
    arm_startup_nrf51.o(RESET) refers to arm_startup_nrf51.o(.text) for Reset_Handler
    arm_startup_nrf51.o(RESET) refers to pcapint_main.o(i.RTC1_IRQHandler) for RTC1_IRQHandler
    arm_startup_nrf51.o(.text) refers to system_nrf51422.o(i.SystemInit) for SystemInit
    arm_startup_nrf51.o(.text) refers to entry.o(.ARM.Collect$$$$00000000) for __main
    system_nrf51422.o(i.SystemCoreClockUpdate) refers to system_nrf51422.o(.data) for SystemCoreClock
    system_nrf51422.o(i.SystemInit) refers to system_nrf51422.o(i.is_manual_peripheral_setup_needed) for is_manual_peripheral_setup_needed
    system_nrf51422.o(i.SystemInit) refers to system_nrf51422.o(i.is_disabled_in_debug_needed) for is_disabled_in_debug_needed
    spi_master.o(i.spi_master_init) refers to spi_master.o(i.nrf_gpio_cfg_output) for nrf_gpio_cfg_output
    spi_master.o(i.spi_master_init) refers to spi_master.o(i.nrf_gpio_cfg_input) for nrf_gpio_cfg_input
    spi_master.o(i.spi_master_init) refers to spi_master.o(i.nrf_gpio_pin_set) for nrf_gpio_pin_set
    spi_master.o(i.spi_master_tx_rx) refers to spi_master.o(i.nrf_gpio_pin_set) for nrf_gpio_pin_set
    nrf_delay.o(i.nrf_delay_ms) refers to nrf_delay.o(.emb_text) for __asm___11_nrf_delay_c_532987f3__nrf_delay_us
    pow.o(i.__softfp_pow) refers (Special) to iusefp.o(.text) for __I$use$fp
    pow.o(i.__softfp_pow) refers to pow.o(i.pow) for pow
    pow.o(i.pow) refers (Special) to iusefp.o(.text) for __I$use$fp
    pow.o(i.pow) refers to dadd.o(.text) for __aeabi_dadd
    pow.o(i.pow) refers to errno.o(i.__set_errno) for __set_errno
    pow.o(i.pow) refers to ddiv.o(.text) for __aeabi_ddiv
    pow.o(i.pow) refers to sqrt.o(i.sqrt) for sqrt
    pow.o(i.pow) refers to dscalb.o(.text) for __ARM_scalbn
    pow.o(i.pow) refers to dunder.o(i.__mathlib_dbl_underflow) for __mathlib_dbl_underflow
    pow.o(i.pow) refers to dmul.o(.text) for __aeabi_dmul
    pow.o(i.pow) refers to qnan.o(.constdata) for __mathlib_zero
    pow.o(i.pow) refers to pow.o(.constdata) for .constdata
    pow.o(i.pow) refers to poly.o(i.__kernel_poly) for __kernel_poly
    pow.o(i.pow) refers to dflti.o(.text) for __aeabi_i2d
    pow.o(i.pow) refers to cdrcmple.o(.text) for __aeabi_cdrcmple
    pow.o(i.pow) refers to fpclassify.o(i.__ARM_fpclassify) for __ARM_fpclassify
    pow.o(.constdata) refers (Special) to iusefp.o(.text) for __I$use$fp
    pow_x.o(i.____softfp_pow$lsc) refers (Special) to iusefp.o(.text) for __I$use$fp
    pow_x.o(i.____softfp_pow$lsc) refers to pow_x.o(i.__pow$lsc) for __pow$lsc
    pow_x.o(i.__pow$lsc) refers (Special) to iusefp.o(.text) for __I$use$fp
    pow_x.o(i.__pow$lsc) refers to dadd.o(.text) for __aeabi_dadd
    pow_x.o(i.__pow$lsc) refers to errno.o(i.__set_errno) for __set_errno
    pow_x.o(i.__pow$lsc) refers to ddiv.o(.text) for __aeabi_ddiv
    pow_x.o(i.__pow$lsc) refers to sqrt.o(i.sqrt) for sqrt
    pow_x.o(i.__pow$lsc) refers to dflti.o(.text) for __aeabi_i2d
    pow_x.o(i.__pow$lsc) refers to dscalb.o(.text) for __ARM_scalbn
    pow_x.o(i.__pow$lsc) refers to dmul.o(.text) for __aeabi_dmul
    pow_x.o(i.__pow$lsc) refers to qnan.o(.constdata) for __mathlib_zero
    pow_x.o(i.__pow$lsc) refers to poly.o(i.__kernel_poly) for __kernel_poly
    pow_x.o(i.__pow$lsc) refers to cdrcmple.o(.text) for __aeabi_cdrcmple
    pow_x.o(i.__pow$lsc) refers to pow_x.o(.constdata) for .constdata
    pow_x.o(.constdata) refers (Special) to iusefp.o(.text) for __I$use$fp
    entry.o(.ARM.Collect$$$$00000000) refers (Special) to entry10a.o(.ARM.Collect$$$$0000000D) for __rt_final_cpp
    entry.o(.ARM.Collect$$$$00000000) refers (Special) to entry11a.o(.ARM.Collect$$$$0000000F) for __rt_final_exit
    entry.o(.ARM.Collect$$$$00000000) refers (Special) to entry7b.o(.ARM.Collect$$$$00000008) for _main_clock
    entry.o(.ARM.Collect$$$$00000000) refers (Special) to entry8b.o(.ARM.Collect$$$$0000000A) for _main_cpp_init
    entry.o(.ARM.Collect$$$$00000000) refers (Special) to entry9a.o(.ARM.Collect$$$$0000000B) for _main_init
    entry.o(.ARM.Collect$$$$00000000) refers (Special) to entry5.o(.ARM.Collect$$$$00000004) for _main_scatterload
    entry.o(.ARM.Collect$$$$00000000) refers (Special) to entry2.o(.ARM.Collect$$$$00000001) for _main_stk
    fmul.o(.text) refers (Special) to iusefp.o(.text) for __I$use$fp
    ddiv.o(.text) refers (Special) to iusefp.o(.text) for __I$use$fp
    ddiv.o(.text) refers to depilogue.o(.text) for _double_round
    ffltui.o(.text) refers (Special) to iusefp.o(.text) for __I$use$fp
    ffltui.o(.text) refers to fepilogue.o(.text) for _float_epilogue
    f2d.o(.text) refers (Special) to iusefp.o(.text) for __I$use$fp
    d2f.o(.text) refers (Special) to iusefp.o(.text) for __I$use$fp
    d2f.o(.text) refers to fepilogue.o(.text) for _float_round
    dunder.o(i.__mathlib_dbl_underflow) refers to dscalb.o(.text) for __ARM_scalbn
    fpclassify.o(i.__ARM_fpclassify) refers (Special) to iusefp.o(.text) for __I$use$fp
    poly.o(i.__kernel_poly) refers (Special) to iusefp.o(.text) for __I$use$fp
    poly.o(i.__kernel_poly) refers to dmul.o(.text) for __aeabi_dmul
    poly.o(i.__kernel_poly) refers to dadd.o(.text) for __aeabi_dadd
    qnan.o(.constdata) refers (Special) to iusefp.o(.text) for __I$use$fp
    sqrt.o(i.__softfp_sqrt) refers (Special) to iusefp.o(.text) for __I$use$fp
    sqrt.o(i.__softfp_sqrt) refers to dsqrt.o(.text) for _dsqrt
    sqrt.o(i.__softfp_sqrt) refers to errno.o(i.__set_errno) for __set_errno
    sqrt.o(i.sqrt) refers (Special) to iusefp.o(.text) for __I$use$fp
    sqrt.o(i.sqrt) refers to dsqrt.o(.text) for _dsqrt
    sqrt.o(i.sqrt) refers to errno.o(i.__set_errno) for __set_errno
    sqrt_x.o(i.____softfp_sqrt$lsc) refers (Special) to iusefp.o(.text) for __I$use$fp
    sqrt_x.o(i.____softfp_sqrt$lsc) refers to cdcmple.o(.text) for __aeabi_cdcmple
    sqrt_x.o(i.____softfp_sqrt$lsc) refers to errno.o(i.__set_errno) for __set_errno
    sqrt_x.o(i.____softfp_sqrt$lsc) refers to dsqrt.o(.text) for _dsqrt
    sqrt_x.o(i.__sqrt$lsc) refers (Special) to iusefp.o(.text) for __I$use$fp
    sqrt_x.o(i.__sqrt$lsc) refers to cdcmple.o(.text) for __aeabi_cdcmple
    sqrt_x.o(i.__sqrt$lsc) refers to errno.o(i.__set_errno) for __set_errno
    sqrt_x.o(i.__sqrt$lsc) refers to dsqrt.o(.text) for _dsqrt
    entry2.o(.ARM.Collect$$$$00000001) refers to entry2.o(.ARM.Collect$$$$00002712) for __lit__00000000
    entry2.o(.ARM.Collect$$$$00002712) refers to arm_startup_nrf51.o(STACK) for __initial_sp
    entry2.o(__vectab_stack_and_reset_area) refers to arm_startup_nrf51.o(STACK) for __initial_sp
    entry2.o(__vectab_stack_and_reset_area) refers to entry.o(.ARM.Collect$$$$00000000) for __main
    entry5.o(.ARM.Collect$$$$00000004) refers to init.o(.text) for __scatterload
    entry9a.o(.ARM.Collect$$$$0000000B) refers to pcapint_main.o(i.main) for main
    entry9b.o(.ARM.Collect$$$$0000000C) refers to pcapint_main.o(i.main) for main
    errno.o(i.__aeabi_errno_addr) refers to errno.o(.data) for .data
    errno.o(i.__read_errno) refers to errno.o(.data) for .data
    errno.o(i.__set_errno) refers to errno.o(.data) for .data
    depilogue.o(.text) refers to depilogue.o(i.__ARM_clz) for __ARM_clz
    depilogue.o(.text) refers to llshl.o(.text) for __aeabi_llsl
    depilogue.o(.text) refers to llushr.o(.text) for __aeabi_llsr
    dadd.o(.text) refers to llshl.o(.text) for __aeabi_llsl
    dadd.o(.text) refers to llsshr.o(.text) for __aeabi_lasr
    dadd.o(.text) refers to depilogue.o(.text) for _double_epilogue
    dmul.o(.text) refers to depilogue.o(.text) for _double_epilogue
    dflti.o(.text) refers to depilogue.o(.text) for _double_epilogue
    init.o(.text) refers to entry5.o(.ARM.Collect$$$$00000004) for __main_after_scatterload
    dsqrt.o(.text) refers to llushr.o(.text) for __aeabi_llsr
    dsqrt.o(.text) refers to depilogue.o(.text) for _double_round


==============================================================================

Removing Unused input sections from the image.

    Removing pcapint_main.o(.rev16_text), (4 bytes).
    Removing pcapint_main.o(.revsh_text), (4 bytes).
    Removing pcapint_main.o(.emb_text), (30 bytes).
    Removing pcapint_main.o(i.PROTOCOL_EVENT_IRQHandler), (2 bytes).
    Removing arm_startup_nrf51.o(HEAP), (2048 bytes).
    Removing system_nrf51422.o(.rev16_text), (4 bytes).
    Removing system_nrf51422.o(.revsh_text), (4 bytes).
    Removing system_nrf51422.o(i.SystemCoreClockUpdate), (16 bytes).
    Removing spi_master.o(.rev16_text), (4 bytes).
    Removing spi_master.o(.revsh_text), (4 bytes).
    Removing spi_master.o(.emb_text), (30 bytes).
    Removing nrf_delay.o(.rev16_text), (4 bytes).
    Removing nrf_delay.o(.revsh_text), (4 bytes).
    Removing cdcmple.o(.text), (40 bytes).

14 unused section(s) (total 2198 bytes) removed from the image.

==============================================================================

Image Symbol Table

    Local Symbols

    Symbol Name                              Value     Ov Type        Size  Object(Section)

    ../clib/../cmprslib/lz77c.c              0x00000000   Number         0  __dclz77c.o ABSOLUTE
    ../clib/microlib/errno.c                 0x00000000   Number         0  errno.o ABSOLUTE
    ../clib/microlib/init/entry.s            0x00000000   Number         0  entry11b.o ABSOLUTE
    ../clib/microlib/init/entry.s            0x00000000   Number         0  entry7b.o ABSOLUTE
    ../clib/microlib/init/entry.s            0x00000000   Number         0  entry7a.o ABSOLUTE
    ../clib/microlib/init/entry.s            0x00000000   Number         0  entry8a.o ABSOLUTE
    ../clib/microlib/init/entry.s            0x00000000   Number         0  entry8b.o ABSOLUTE
    ../clib/microlib/init/entry.s            0x00000000   Number         0  entry5.o ABSOLUTE
    ../clib/microlib/init/entry.s            0x00000000   Number         0  entry2.o ABSOLUTE
    ../clib/microlib/init/entry.s            0x00000000   Number         0  entry9a.o ABSOLUTE
    ../clib/microlib/init/entry.s            0x00000000   Number         0  entry9b.o ABSOLUTE
    ../clib/microlib/init/entry.s            0x00000000   Number         0  entry.o ABSOLUTE
    ../clib/microlib/init/entry.s            0x00000000   Number         0  entry10a.o ABSOLUTE
    ../clib/microlib/init/entry.s            0x00000000   Number         0  entry10b.o ABSOLUTE
    ../clib/microlib/init/entry.s            0x00000000   Number         0  entry11a.o ABSOLUTE
    ../clib/microlib/longlong.c              0x00000000   Number         0  llushr.o ABSOLUTE
    ../clib/microlib/longlong.c              0x00000000   Number         0  llshl.o ABSOLUTE
    ../clib/microlib/longlong.c              0x00000000   Number         0  llsshr.o ABSOLUTE
    ../clib/microlib/stubs.s                 0x00000000   Number         0  iusefp.o ABSOLUTE
    ../fplib/microlib/d2f.c                  0x00000000   Number         0  d2f.o ABSOLUTE
    ../fplib/microlib/f2d.c                  0x00000000   Number         0  f2d.o ABSOLUTE
    ../fplib/microlib/fpadd.c                0x00000000   Number         0  dadd.o ABSOLUTE
    ../fplib/microlib/fpdiv.c                0x00000000   Number         0  ddiv.o ABSOLUTE
    ../fplib/microlib/fpepilogue.c           0x00000000   Number         0  fepilogue.o ABSOLUTE
    ../fplib/microlib/fpepilogue.c           0x00000000   Number         0  depilogue.o ABSOLUTE
    ../fplib/microlib/fpflt.c                0x00000000   Number         0  ffltui.o ABSOLUTE
    ../fplib/microlib/fpflt.c                0x00000000   Number         0  dflti.o ABSOLUTE
    ../fplib/microlib/fpmul.c                0x00000000   Number         0  fmul.o ABSOLUTE
    ../fplib/microlib/fpmul.c                0x00000000   Number         0  dmul.o ABSOLUTE
    ../fplib/microlib/fpscalb.c              0x00000000   Number         0  dscalb.o ABSOLUTE
    ../fplib/microlib/fpsqrt.c               0x00000000   Number         0  dsqrt.o ABSOLUTE
    ../mathlib/dunder.c                      0x00000000   Number         0  dunder.o ABSOLUTE
    ../mathlib/fpclassify.c                  0x00000000   Number         0  fpclassify.o ABSOLUTE
    ../mathlib/poly.c                        0x00000000   Number         0  poly.o ABSOLUTE
    ../mathlib/pow.c                         0x00000000   Number         0  pow.o ABSOLUTE
    ../mathlib/pow.c                         0x00000000   Number         0  pow_x.o ABSOLUTE
    ../mathlib/qnan.c                        0x00000000   Number         0  qnan.o ABSOLUTE
    ../mathlib/sqrt.c                        0x00000000   Number         0  sqrt.o ABSOLUTE
    ../mathlib/sqrt.c                        0x00000000   Number         0  sqrt_x.o ABSOLUTE
    ..\PCAPint_main.c                        0x00000000   Number         0  pcapint_main.o ABSOLUTE
    ..\\PCAPint_main.c                       0x00000000   Number         0  pcapint_main.o ABSOLUTE
    ..\\nrf51422\\Source\\nrf_delay\\nrf_delay.c 0x00000000   Number         0  nrf_delay.o ABSOLUTE
    ..\\nrf51422\\Source\\spi_master\\spi_master.c 0x00000000   Number         0  spi_master.o ABSOLUTE
    ..\\nrf51422\\Source\\templates\\system_nrf51422.c 0x00000000   Number         0  system_nrf51422.o ABSOLUTE
    ..\nrf51422\Source\nrf_delay\nrf_delay.c 0x00000000   Number         0  nrf_delay.o ABSOLUTE
    ..\nrf51422\Source\spi_master\spi_master.c 0x00000000   Number         0  spi_master.o ABSOLUTE
    ..\nrf51422\Source\templates\system_nrf51422.c 0x00000000   Number         0  system_nrf51422.o ABSOLUTE
    arm_startup_nrf51.s                      0x00000000   Number         0  arm_startup_nrf51.o ABSOLUTE
    cdcmple.s                                0x00000000   Number         0  cdcmple.o ABSOLUTE
    cdrcmple.s                               0x00000000   Number         0  cdrcmple.o ABSOLUTE
    dc.s                                     0x00000000   Number         0  dc.o ABSOLUTE
    handlers.s                               0x00000000   Number         0  handlers.o ABSOLUTE
    init.s                                   0x00000000   Number         0  init.o ABSOLUTE
    RESET                                    0x0000c000   Section      192  arm_startup_nrf51.o(RESET)
    .ARM.Collect$$$$00000000                 0x0000c0c0   Section        0  entry.o(.ARM.Collect$$$$00000000)
    .ARM.Collect$$$$00000001                 0x0000c0c0   Section        4  entry2.o(.ARM.Collect$$$$00000001)
    .ARM.Collect$$$$00000004                 0x0000c0c4   Section        4  entry5.o(.ARM.Collect$$$$00000004)
    .ARM.Collect$$$$00000008                 0x0000c0c8   Section        0  entry7b.o(.ARM.Collect$$$$00000008)
    .ARM.Collect$$$$0000000A                 0x0000c0c8   Section        0  entry8b.o(.ARM.Collect$$$$0000000A)
    .ARM.Collect$$$$0000000B                 0x0000c0c8   Section        8  entry9a.o(.ARM.Collect$$$$0000000B)
    .ARM.Collect$$$$0000000D                 0x0000c0d0   Section        0  entry10a.o(.ARM.Collect$$$$0000000D)
    .ARM.Collect$$$$0000000F                 0x0000c0d0   Section        0  entry11a.o(.ARM.Collect$$$$0000000F)
    .ARM.Collect$$$$00002712                 0x0000c0d0   Section        4  entry2.o(.ARM.Collect$$$$00002712)
    __lit__00000000                          0x0000c0d0   Data           4  entry2.o(.ARM.Collect$$$$00002712)
    .emb_text                                0x0000c0d4   Section       30  nrf_delay.o(.emb_text)
    .text                                    0x0000c0f4   Section       44  arm_startup_nrf51.o(.text)
    .text                                    0x0000c120   Section        0  fmul.o(.text)
    .text                                    0x0000c19c   Section        0  ddiv.o(.text)
    .text                                    0x0000c28c   Section        0  ffltui.o(.text)
    .text                                    0x0000c29a   Section        0  f2d.o(.text)
    .text                                    0x0000c2c2   Section        0  d2f.o(.text)
    .text                                    0x0000c2fa   Section        0  fepilogue.o(.text)
    .text                                    0x0000c2fa   Section        0  iusefp.o(.text)
    .text                                    0x0000c37e   Section        0  depilogue.o(.text)
    .text                                    0x0000c440   Section        0  dadd.o(.text)
    .text                                    0x0000c5a4   Section        0  dmul.o(.text)
    .text                                    0x0000c674   Section        0  dscalb.o(.text)
    .text                                    0x0000c6a0   Section        0  dflti.o(.text)
    .text                                    0x0000c6c8   Section       40  cdrcmple.o(.text)
    .text                                    0x0000c6f0   Section       36  init.o(.text)
    .text                                    0x0000c714   Section        0  llshl.o(.text)
    .text                                    0x0000c734   Section        0  llushr.o(.text)
    .text                                    0x0000c756   Section        0  llsshr.o(.text)
    .text                                    0x0000c77c   Section        0  dsqrt.o(.text)
    .text                                    0x0000c81e   Section        0  __dclz77c.o(.text)
    i.RTC1_IRQHandler                        0x0000c87c   Section        0  pcapint_main.o(i.RTC1_IRQHandler)
    i.SystemInit                             0x0000c8a4   Section        0  system_nrf51422.o(i.SystemInit)
    i.__ARM_clz                              0x0000c8dc   Section        0  depilogue.o(i.__ARM_clz)
    i.__ARM_fpclassify                       0x0000c90c   Section        0  fpclassify.o(i.__ARM_fpclassify)
    i.__kernel_poly                          0x0000c938   Section        0  poly.o(i.__kernel_poly)
    i.__mathlib_dbl_underflow                0x0000c9e4   Section        0  dunder.o(i.__mathlib_dbl_underflow)
    i.__scatterload_copy                     0x0000c9f8   Section       14  handlers.o(i.__scatterload_copy)
    i.__scatterload_null                     0x0000ca06   Section        2  handlers.o(i.__scatterload_null)
    i.__scatterload_zeroinit                 0x0000ca08   Section       14  handlers.o(i.__scatterload_zeroinit)
    i.__set_errno                            0x0000ca18   Section        0  errno.o(i.__set_errno)
    i.ant_channel_tx_broadcast_setup         0x0000ca24   Section        0  pcapint_main.o(i.ant_channel_tx_broadcast_setup)
    i.config_reg_set                         0x0000ca80   Section        0  pcapint_main.o(i.config_reg_set)
    i.data_extract                           0x0000cbf8   Section        0  pcapint_main.o(i.data_extract)
    i.handle_channel_event                   0x0000cc38   Section        0  pcapint_main.o(i.handle_channel_event)
    handle_channel_event                     0x0000cc39   Thumb Code    46  pcapint_main.o(i.handle_channel_event)
    i.handle_error                           0x0000cc6c   Section        0  pcapint_main.o(i.handle_error)
    handle_error                             0x0000cc6d   Thumb Code     4  pcapint_main.o(i.handle_error)
    i.is_disabled_in_debug_needed            0x0000cc70   Section        0  system_nrf51422.o(i.is_disabled_in_debug_needed)
    is_disabled_in_debug_needed              0x0000cc71   Thumb Code    48  system_nrf51422.o(i.is_disabled_in_debug_needed)
    i.is_manual_peripheral_setup_needed      0x0000cca4   Section        0  system_nrf51422.o(i.is_manual_peripheral_setup_needed)
    is_manual_peripheral_setup_needed        0x0000cca5   Thumb Code    94  system_nrf51422.o(i.is_manual_peripheral_setup_needed)
    i.main                                   0x0000cd08   Section        0  pcapint_main.o(i.main)
    i.nrf_delay_ms                           0x0000d03c   Section        0  nrf_delay.o(i.nrf_delay_ms)
    i.nrf_gpio_cfg_input                     0x0000d058   Section        0  spi_master.o(i.nrf_gpio_cfg_input)
    nrf_gpio_cfg_input                       0x0000d059   Thumb Code    20  spi_master.o(i.nrf_gpio_cfg_input)
    i.nrf_gpio_cfg_output                    0x0000d06c   Section        0  spi_master.o(i.nrf_gpio_cfg_output)
    nrf_gpio_cfg_output                      0x0000d06d   Thumb Code    18  spi_master.o(i.nrf_gpio_cfg_output)
    i.nrf_gpio_pin_set                       0x0000d080   Section        0  spi_master.o(i.nrf_gpio_pin_set)
    nrf_gpio_pin_set                         0x0000d081   Thumb Code    10  spi_master.o(i.nrf_gpio_pin_set)
    i.pack                                   0x0000d090   Section        0  pcapint_main.o(i.pack)
    i.pcap_broadcast_data                    0x0000d0c4   Section        0  pcapint_main.o(i.pcap_broadcast_data)
    pcap_broadcast_data                      0x0000d0c5   Thumb Code    68  pcapint_main.o(i.pcap_broadcast_data)
    i.pcap_config_write                      0x0000d10c   Section        0  pcapint_main.o(i.pcap_config_write)
    i.pcap_dsp_write                         0x0000d200   Section        0  pcapint_main.o(i.pcap_dsp_write)
    i.pcap_spi_set                           0x0000d27c   Section        0  pcapint_main.o(i.pcap_spi_set)
    i.pcap_spi_tx_rx                         0x0000d290   Section        0  pcapint_main.o(i.pcap_spi_tx_rx)
    i.pow                                    0x0000d2b8   Section        0  pow.o(i.pow)
    i.read_reg                               0x0000dca0   Section        0  pcapint_main.o(i.read_reg)
    i.softdevice_assert_callback             0x0000dd08   Section        0  pcapint_main.o(i.softdevice_assert_callback)
    i.spi_master_init                        0x0000dd0c   Section        0  spi_master.o(i.spi_master_init)
    i.spi_master_tx_rx                       0x0000de10   Section        0  spi_master.o(i.spi_master_tx_rx)
    i.sqrt                                   0x0000dea0   Section        0  sqrt.o(i.sqrt)
    .constdata                               0x0000dee8   Section      136  pow.o(.constdata)
    bp                                       0x0000dee8   Data          16  pow.o(.constdata)
    dp_h                                     0x0000def8   Data          16  pow.o(.constdata)
    dp_l                                     0x0000df08   Data          16  pow.o(.constdata)
    L                                        0x0000df18   Data          48  pow.o(.constdata)
    P                                        0x0000df48   Data          40  pow.o(.constdata)
    .constdata                               0x0000df70   Section        8  qnan.o(.constdata)
    .data                                    0x20000900   Section     4125  pcapint_main.o(.data)
    prgdata                                  0x20000900   Data        4096  pcapint_main.o(.data)
    tx_data                                  0x20001904   Data           8  pcapint_main.o(.data)
    rx_data                                  0x2000190c   Data           8  pcapint_main.o(.data)
    MSG_LEN                                  0x20001914   Data           1  pcapint_main.o(.data)
    s_broadcast_data                         0x20001915   Data           8  pcapint_main.o(.data)
    .data                                    0x20001920   Section        4  system_nrf51422.o(.data)
    __tagsym$$used                           0x20001920   Number         0  system_nrf51422.o(.data)
    .data                                    0x20001924   Section        4  errno.o(.data)
    _errno                                   0x20001924   Data           4  errno.o(.data)
    .bss                                     0x20001928   Section       64  pcapint_main.o(.bss)
    event_message_buffer                     0x20001928   Data          32  pcapint_main.o(.bss)
    cap_t                                    0x20001948   Data          32  pcapint_main.o(.bss)
    STACK                                    0x20001968   Section     2048  arm_startup_nrf51.o(STACK)

    Global Symbols

    Symbol Name                              Value     Ov Type        Size  Object(Section)

    BuildAttributes$$THM_ISAv3M$S$PE$A:L22$X:L11$S22$IEEE1$IW$USESV6$~STKCKD$USESV7$~SHL$OTIME$ROPI$IEEEX$EBA8$MICROLIB$REQ8$PRES8$EABIv2 0x00000000   Number         0  anon$$obj.o ABSOLUTE
    __ARM_use_no_argv                        0x00000000   Number         0  pcapint_main.o ABSOLUTE
    __cpp_initialize__aeabi_                  - Undefined Weak Reference
    __cxa_finalize                            - Undefined Weak Reference
    _clock_init                               - Undefined Weak Reference
    _microlib_exit                            - Undefined Weak Reference
    __Vectors_Size                           0x000000c0   Number         0  arm_startup_nrf51.o ABSOLUTE
    __Vectors                                0x0000c000   Data           4  arm_startup_nrf51.o(RESET)
    __Vectors_End                            0x0000c0c0   Data           0  arm_startup_nrf51.o(RESET)
    __main                                   0x0000c0c1   Thumb Code     0  entry.o(.ARM.Collect$$$$00000000)
    _main_stk                                0x0000c0c1   Thumb Code     0  entry2.o(.ARM.Collect$$$$00000001)
    _main_scatterload                        0x0000c0c5   Thumb Code     0  entry5.o(.ARM.Collect$$$$00000004)
    __main_after_scatterload                 0x0000c0c9   Thumb Code     0  entry5.o(.ARM.Collect$$$$00000004)
    _main_clock                              0x0000c0c9   Thumb Code     0  entry7b.o(.ARM.Collect$$$$00000008)
    _main_cpp_init                           0x0000c0c9   Thumb Code     0  entry8b.o(.ARM.Collect$$$$0000000A)
    _main_init                               0x0000c0c9   Thumb Code     0  entry9a.o(.ARM.Collect$$$$0000000B)
    __rt_final_cpp                           0x0000c0d1   Thumb Code     0  entry10a.o(.ARM.Collect$$$$0000000D)
    __rt_final_exit                          0x0000c0d1   Thumb Code     0  entry11a.o(.ARM.Collect$$$$0000000F)
    __asm___11_nrf_delay_c_532987f3__nrf_delay_us 0x0000c0d5   Thumb Code    30  nrf_delay.o(.emb_text)
    Reset_Handler                            0x0000c0f5   Thumb Code    18  arm_startup_nrf51.o(.text)
    NMI_Handler                              0x0000c107   Thumb Code     2  arm_startup_nrf51.o(.text)
    HardFault_Handler                        0x0000c109   Thumb Code     2  arm_startup_nrf51.o(.text)
    SVC_Handler                              0x0000c10b   Thumb Code     2  arm_startup_nrf51.o(.text)
    PendSV_Handler                           0x0000c10d   Thumb Code     2  arm_startup_nrf51.o(.text)
    SysTick_Handler                          0x0000c10f   Thumb Code     2  arm_startup_nrf51.o(.text)
    ADC_IRQHandler                           0x0000c111   Thumb Code     0  arm_startup_nrf51.o(.text)
    CCM_AAR_IRQHandler                       0x0000c111   Thumb Code     0  arm_startup_nrf51.o(.text)
    ECB_IRQHandler                           0x0000c111   Thumb Code     0  arm_startup_nrf51.o(.text)
    GPIOTE_IRQHandler                        0x0000c111   Thumb Code     0  arm_startup_nrf51.o(.text)
    POWER_CLOCK_IRQHandler                   0x0000c111   Thumb Code     0  arm_startup_nrf51.o(.text)
    QDEC_IRQHandler                          0x0000c111   Thumb Code     0  arm_startup_nrf51.o(.text)
    RADIO_IRQHandler                         0x0000c111   Thumb Code     0  arm_startup_nrf51.o(.text)
    RNG_IRQHandler                           0x0000c111   Thumb Code     0  arm_startup_nrf51.o(.text)
    RTC0_IRQHandler                          0x0000c111   Thumb Code     0  arm_startup_nrf51.o(.text)
    SPI0_TWI0_IRQHandler                     0x0000c111   Thumb Code     0  arm_startup_nrf51.o(.text)
    SPI1_TWI1_IRQHandler                     0x0000c111   Thumb Code     0  arm_startup_nrf51.o(.text)
    SWI0_IRQHandler                          0x0000c111   Thumb Code     0  arm_startup_nrf51.o(.text)
    SWI1_IRQHandler                          0x0000c111   Thumb Code     0  arm_startup_nrf51.o(.text)
    SWI2_IRQHandler                          0x0000c111   Thumb Code     0  arm_startup_nrf51.o(.text)
    SWI3_IRQHandler                          0x0000c111   Thumb Code     0  arm_startup_nrf51.o(.text)
    SWI4_IRQHandler                          0x0000c111   Thumb Code     0  arm_startup_nrf51.o(.text)
    SWI5_IRQHandler                          0x0000c111   Thumb Code     0  arm_startup_nrf51.o(.text)
    TEMP_IRQHandler                          0x0000c111   Thumb Code     0  arm_startup_nrf51.o(.text)
    TIMER0_IRQHandler                        0x0000c111   Thumb Code     0  arm_startup_nrf51.o(.text)
    TIMER1_IRQHandler                        0x0000c111   Thumb Code     0  arm_startup_nrf51.o(.text)
    TIMER2_IRQHandler                        0x0000c111   Thumb Code     0  arm_startup_nrf51.o(.text)
    UART0_IRQHandler                         0x0000c111   Thumb Code     0  arm_startup_nrf51.o(.text)
    WDT_IRQHandler                           0x0000c111   Thumb Code     0  arm_startup_nrf51.o(.text)
    WUCOMP_COMP_IRQHandler                   0x0000c111   Thumb Code     0  arm_startup_nrf51.o(.text)
    __aeabi_fmul                             0x0000c121   Thumb Code   122  fmul.o(.text)
    __aeabi_ddiv                             0x0000c19d   Thumb Code   234  ddiv.o(.text)
    __aeabi_ui2f                             0x0000c28d   Thumb Code    14  ffltui.o(.text)
    __aeabi_f2d                              0x0000c29b   Thumb Code    40  f2d.o(.text)
    __aeabi_d2f                              0x0000c2c3   Thumb Code    56  d2f.o(.text)
    __I$use$fp                               0x0000c2fb   Thumb Code     0  iusefp.o(.text)
    _float_round                             0x0000c2fb   Thumb Code    16  fepilogue.o(.text)
    _float_epilogue                          0x0000c30b   Thumb Code   116  fepilogue.o(.text)
    _double_round                            0x0000c37f   Thumb Code    26  depilogue.o(.text)
    _double_epilogue                         0x0000c399   Thumb Code   166  depilogue.o(.text)
    __aeabi_dadd                             0x0000c441   Thumb Code   326  dadd.o(.text)
    __aeabi_dsub                             0x0000c587   Thumb Code    12  dadd.o(.text)
    __aeabi_drsub                            0x0000c593   Thumb Code    12  dadd.o(.text)
    __aeabi_dmul                             0x0000c5a5   Thumb Code   202  dmul.o(.text)
    __ARM_scalbn                             0x0000c675   Thumb Code    44  dscalb.o(.text)
    scalbn                                   0x0000c675   Thumb Code     0  dscalb.o(.text)
    __aeabi_i2d                              0x0000c6a1   Thumb Code    34  dflti.o(.text)
    __aeabi_cdrcmple                         0x0000c6c9   Thumb Code    38  cdrcmple.o(.text)
    __scatterload                            0x0000c6f1   Thumb Code    28  init.o(.text)
    __scatterload_rt2                        0x0000c6f1   Thumb Code     0  init.o(.text)
    __aeabi_llsl                             0x0000c715   Thumb Code    32  llshl.o(.text)
    _ll_shift_l                              0x0000c715   Thumb Code     0  llshl.o(.text)
    __aeabi_llsr                             0x0000c735   Thumb Code    34  llushr.o(.text)
    _ll_ushift_r                             0x0000c735   Thumb Code     0  llushr.o(.text)
    __aeabi_lasr                             0x0000c757   Thumb Code    38  llsshr.o(.text)
    _ll_sshift_r                             0x0000c757   Thumb Code     0  llsshr.o(.text)
    _dsqrt                                   0x0000c77d   Thumb Code   162  dsqrt.o(.text)
    __decompress                             0x0000c81f   Thumb Code     0  __dclz77c.o(.text)
    __decompress2                            0x0000c81f   Thumb Code    94  __dclz77c.o(.text)
    RTC1_IRQHandler                          0x0000c87d   Thumb Code    26  pcapint_main.o(i.RTC1_IRQHandler)
    SystemInit                               0x0000c8a5   Thumb Code    38  system_nrf51422.o(i.SystemInit)
    __ARM_clz                                0x0000c8dd   Thumb Code    46  depilogue.o(i.__ARM_clz)
    __ARM_fpclassify                         0x0000c90d   Thumb Code    38  fpclassify.o(i.__ARM_fpclassify)
    __kernel_poly                            0x0000c939   Thumb Code   172  poly.o(i.__kernel_poly)
    __mathlib_dbl_underflow                  0x0000c9e5   Thumb Code    14  dunder.o(i.__mathlib_dbl_underflow)
    __scatterload_copy                       0x0000c9f9   Thumb Code    14  handlers.o(i.__scatterload_copy)
    __scatterload_null                       0x0000ca07   Thumb Code     2  handlers.o(i.__scatterload_null)
    __scatterload_zeroinit                   0x0000ca09   Thumb Code    14  handlers.o(i.__scatterload_zeroinit)
    __set_errno                              0x0000ca19   Thumb Code     6  errno.o(i.__set_errno)
    ant_channel_tx_broadcast_setup           0x0000ca25   Thumb Code    86  pcapint_main.o(i.ant_channel_tx_broadcast_setup)
    config_reg_set                           0x0000ca81   Thumb Code   372  pcapint_main.o(i.config_reg_set)
    data_extract                             0x0000cbf9   Thumb Code    58  pcapint_main.o(i.data_extract)
    main                                     0x0000cd09   Thumb Code   770  pcapint_main.o(i.main)
    nrf_delay_ms                             0x0000d03d   Thumb Code    24  nrf_delay.o(i.nrf_delay_ms)
    pack                                     0x0000d091   Thumb Code    50  pcapint_main.o(i.pack)
    pcap_config_write                        0x0000d10d   Thumb Code   232  pcapint_main.o(i.pcap_config_write)
    pcap_dsp_write                           0x0000d201   Thumb Code   106  pcapint_main.o(i.pcap_dsp_write)
    pcap_spi_set                             0x0000d27d   Thumb Code    20  pcapint_main.o(i.pcap_spi_set)
    pcap_spi_tx_rx                           0x0000d291   Thumb Code    34  pcapint_main.o(i.pcap_spi_tx_rx)
    pow                                      0x0000d2b9   Thumb Code  2526  pow.o(i.pow)
    read_reg                                 0x0000dca1   Thumb Code    90  pcapint_main.o(i.read_reg)
    softdevice_assert_callback               0x0000dd09   Thumb Code     4  pcapint_main.o(i.softdevice_assert_callback)
    spi_master_init                          0x0000dd0d   Thumb Code   250  spi_master.o(i.spi_master_init)
    spi_master_tx_rx                         0x0000de11   Thumb Code   134  spi_master.o(i.spi_master_tx_rx)
    sqrt                                     0x0000dea1   Thumb Code    66  sqrt.o(i.sqrt)
    __mathlib_zero                           0x0000df70   Data           8  qnan.o(.constdata)
    Region$$Table$$Base                      0x0000df78   Number         0  anon$$obj.o(Region$$Table)
    Region$$Table$$Limit                     0x0000df88   Number         0  anon$$obj.o(Region$$Table)
    rtc_flag                                 0x20001900   Data           4  pcapint_main.o(.data)
    SystemCoreClock                          0x20001920   Data           4  system_nrf51422.o(.data)
    __initial_sp                             0x20002168   Data           0  arm_startup_nrf51.o(STACK)



==============================================================================

Memory Map of the image

  Image Entry point : 0x0000c0c1

  Load Region LR_IROM1 (Base: 0x0000c000, Size: 0x00002fb0, Max: 0x00034000, ABSOLUTE, COMPRESSED[0x000021fc])

    Execution Region ER_IROM1 (Base: 0x0000c000, Size: 0x00001f88, Max: 0x00034000, ABSOLUTE)

    Base Addr    Size         Type   Attr      Idx    E Section Name        Object

    0x0000c000   0x000000c0   Data   RO          229    RESET               arm_startup_nrf51.o
    0x0000c0c0   0x00000000   Code   RO          371  * .ARM.Collect$$$$00000000  mc_p.l(entry.o)
    0x0000c0c0   0x00000004   Code   RO          399    .ARM.Collect$$$$00000001  mc_p.l(entry2.o)
    0x0000c0c4   0x00000004   Code   RO          402    .ARM.Collect$$$$00000004  mc_p.l(entry5.o)
    0x0000c0c8   0x00000000   Code   RO          404    .ARM.Collect$$$$00000008  mc_p.l(entry7b.o)
    0x0000c0c8   0x00000000   Code   RO          406    .ARM.Collect$$$$0000000A  mc_p.l(entry8b.o)
    0x0000c0c8   0x00000008   Code   RO          407    .ARM.Collect$$$$0000000B  mc_p.l(entry9a.o)
    0x0000c0d0   0x00000000   Code   RO          409    .ARM.Collect$$$$0000000D  mc_p.l(entry10a.o)
    0x0000c0d0   0x00000000   Code   RO          411    .ARM.Collect$$$$0000000F  mc_p.l(entry11a.o)
    0x0000c0d0   0x00000004   Code   RO          400    .ARM.Collect$$$$00002712  mc_p.l(entry2.o)
    0x0000c0d4   0x0000001e   Code   RO          332    .emb_text           nrf_delay.o
    0x0000c0f2   0x00000002   PAD
    0x0000c0f4   0x0000002c   Code   RO          230    .text               arm_startup_nrf51.o
    0x0000c120   0x0000007a   Code   RO          374    .text               mf_p.l(fmul.o)
    0x0000c19a   0x00000002   PAD
    0x0000c19c   0x000000f0   Code   RO          376    .text               mf_p.l(ddiv.o)
    0x0000c28c   0x0000000e   Code   RO          378    .text               mf_p.l(ffltui.o)
    0x0000c29a   0x00000028   Code   RO          380    .text               mf_p.l(f2d.o)
    0x0000c2c2   0x00000038   Code   RO          382    .text               mf_p.l(d2f.o)
    0x0000c2fa   0x00000000   Code   RO          420    .text               mc_p.l(iusefp.o)
    0x0000c2fa   0x00000084   Code   RO          421    .text               mf_p.l(fepilogue.o)
    0x0000c37e   0x000000c0   Code   RO          423    .text               mf_p.l(depilogue.o)
    0x0000c43e   0x00000002   PAD
    0x0000c440   0x00000164   Code   RO          427    .text               mf_p.l(dadd.o)
    0x0000c5a4   0x000000d0   Code   RO          429    .text               mf_p.l(dmul.o)
    0x0000c674   0x0000002c   Code   RO          431    .text               mf_p.l(dscalb.o)
    0x0000c6a0   0x00000028   Code   RO          433    .text               mf_p.l(dflti.o)
    0x0000c6c8   0x00000028   Code   RO          435    .text               mf_p.l(cdrcmple.o)
    0x0000c6f0   0x00000024   Code   RO          437    .text               mc_p.l(init.o)
    0x0000c714   0x00000020   Code   RO          439    .text               mc_p.l(llshl.o)
    0x0000c734   0x00000022   Code   RO          441    .text               mc_p.l(llushr.o)
    0x0000c756   0x00000026   Code   RO          443    .text               mc_p.l(llsshr.o)
    0x0000c77c   0x000000a2   Code   RO          445    .text               mf_p.l(dsqrt.o)
    0x0000c81e   0x0000005e   Code   RO          457    .text               mc_p.l(__dclz77c.o)
    0x0000c87c   0x00000028   Code   RO            5    i.RTC1_IRQHandler   pcapint_main.o
    0x0000c8a4   0x00000038   Code   RO          237    i.SystemInit        system_nrf51422.o
    0x0000c8dc   0x0000002e   Code   RO          425    i.__ARM_clz         mf_p.l(depilogue.o)
    0x0000c90a   0x00000002   PAD
    0x0000c90c   0x0000002c   Code   RO          386    i.__ARM_fpclassify  m_ps.l(fpclassify.o)
    0x0000c938   0x000000ac   Code   RO          388    i.__kernel_poly     m_ps.l(poly.o)
    0x0000c9e4   0x00000014   Code   RO          384    i.__mathlib_dbl_underflow  m_ps.l(dunder.o)
    0x0000c9f8   0x0000000e   Code   RO          451    i.__scatterload_copy  mc_p.l(handlers.o)
    0x0000ca06   0x00000002   Code   RO          452    i.__scatterload_null  mc_p.l(handlers.o)
    0x0000ca08   0x0000000e   Code   RO          453    i.__scatterload_zeroinit  mc_p.l(handlers.o)
    0x0000ca16   0x00000002   PAD
    0x0000ca18   0x0000000c   Code   RO          415    i.__set_errno       mc_p.l(errno.o)
    0x0000ca24   0x0000005c   Code   RO            6    i.ant_channel_tx_broadcast_setup  pcapint_main.o
    0x0000ca80   0x00000178   Code   RO            7    i.config_reg_set    pcapint_main.o
    0x0000cbf8   0x00000040   Code   RO            8    i.data_extract      pcapint_main.o
    0x0000cc38   0x00000034   Code   RO            9    i.handle_channel_event  pcapint_main.o
    0x0000cc6c   0x00000004   Code   RO           10    i.handle_error      pcapint_main.o
    0x0000cc70   0x00000034   Code   RO          238    i.is_disabled_in_debug_needed  system_nrf51422.o
    0x0000cca4   0x00000064   Code   RO          239    i.is_manual_peripheral_setup_needed  system_nrf51422.o
    0x0000cd08   0x00000334   Code   RO           11    i.main              pcapint_main.o
    0x0000d03c   0x0000001c   Code   RO          333    i.nrf_delay_ms      nrf_delay.o
    0x0000d058   0x00000014   Code   RO          282    i.nrf_gpio_cfg_input  spi_master.o
    0x0000d06c   0x00000012   Code   RO          283    i.nrf_gpio_cfg_output  spi_master.o
    0x0000d07e   0x00000002   PAD
    0x0000d080   0x00000010   Code   RO          284    i.nrf_gpio_pin_set  spi_master.o
    0x0000d090   0x00000032   Code   RO           12    i.pack              pcapint_main.o
    0x0000d0c2   0x00000002   PAD
    0x0000d0c4   0x00000048   Code   RO           13    i.pcap_broadcast_data  pcapint_main.o
    0x0000d10c   0x000000f4   Code   RO           14    i.pcap_config_write  pcapint_main.o
    0x0000d200   0x0000007c   Code   RO           15    i.pcap_dsp_write    pcapint_main.o
    0x0000d27c   0x00000014   Code   RO           16    i.pcap_spi_set      pcapint_main.o
    0x0000d290   0x00000028   Code   RO           17    i.pcap_spi_tx_rx    pcapint_main.o
    0x0000d2b8   0x000009e8   Code   RO          362    i.pow               m_ps.l(pow.o)
    0x0000dca0   0x00000068   Code   RO           18    i.read_reg          pcapint_main.o
    0x0000dd08   0x00000004   Code   RO           19    i.softdevice_assert_callback  pcapint_main.o
    0x0000dd0c   0x00000104   Code   RO          285    i.spi_master_init   spi_master.o
    0x0000de10   0x00000090   Code   RO          286    i.spi_master_tx_rx  spi_master.o
    0x0000dea0   0x00000048   Code   RO          392    i.sqrt              m_ps.l(sqrt.o)
    0x0000dee8   0x00000088   Data   RO          363    .constdata          m_ps.l(pow.o)
    0x0000df70   0x00000008   Data   RO          390    .constdata          m_ps.l(qnan.o)
    0x0000df78   0x00000010   Data   RO          449    Region$$Table       anon$$obj.o


    Execution Region RW_IRAM1 (Base: 0x20000900, Size: 0x00001868, Max: 0x00003700, ABSOLUTE, UNINIT, COMPRESSED[0x00000274])

    Base Addr    Size         Type   Attr      Idx    E Section Name        Object

    0x20000900   0x0000101d   Data   RW           21    .data               pcapint_main.o
    0x2000191d   0x00000003   PAD
    0x20001920   0x00000004   Data   RW          240    .data               system_nrf51422.o
    0x20001924   0x00000004   Data   RW          416    .data               mc_p.l(errno.o)
    0x20001928   0x00000040   Zero   RW           20    .bss                pcapint_main.o
    0x20001968   0x00000800   Zero   RW          227    STACK               arm_startup_nrf51.o


==============================================================================

Image component sizes


      Code (inc. data)   RO Data    RW Data    ZI Data      Debug   Object Name

        44         14        192          0       2048        544   arm_startup_nrf51.o
        58          4          0          0          0       1259   nrf_delay.o
      2106        140          0       4125         64      38005   pcapint_main.o
       458         26          0          0          0       5537   spi_master.o
       208         28          0          4          0       1663   system_nrf51422.o

    ----------------------------------------------------------------------
      2880        212        208       4132       2112      47008   Object Totals
         0          0         16          0          0          0   (incl. Generated)
         6          0          0          3          0          0   (incl. Padding)

    ----------------------------------------------------------------------

      Code (inc. data)   RO Data    RW Data    ZI Data      Debug   Library Member Name

        20          6          0          0          0         68   dunder.o
        44          6          0          0          0         60   fpclassify.o
       172          0          0          0          0         76   poly.o
      2536        224        136          0          0        216   pow.o
         0          0          8          0          0          0   qnan.o
        72          6          0          0          0         76   sqrt.o
        94          0          0          0          0          0   __dclz77c.o
         0          0          0          0          0          0   entry.o
         0          0          0          0          0          0   entry10a.o
         0          0          0          0          0          0   entry11a.o
         8          4          0          0          0          0   entry2.o
         4          0          0          0          0          0   entry5.o
         0          0          0          0          0          0   entry7b.o
         0          0          0          0          0          0   entry8b.o
         8          4          0          0          0          0   entry9a.o
        12          6          0          4          0         60   errno.o
        30          0          0          0          0          0   handlers.o
        36          8          0          0          0         68   init.o
         0          0          0          0          0          0   iusefp.o
        32          0          0          0          0         68   llshl.o
        38          0          0          0          0         68   llsshr.o
        34          0          0          0          0         68   llushr.o
        40          2          0          0          0         68   cdrcmple.o
        56          0          0          0          0         68   d2f.o
       356          6          0          0          0        140   dadd.o
       240          6          0          0          0         84   ddiv.o
       238          0          0          0          0        216   depilogue.o
        40          6          0          0          0         68   dflti.o
       208          6          0          0          0         88   dmul.o
        44          0          0          0          0         72   dscalb.o
       162          0          0          0          0         80   dsqrt.o
        40          0          0          0          0         60   f2d.o
       132          0          0          0          0        144   fepilogue.o
        14          0          0          0          0         68   ffltui.o
       122          0          0          0          0         72   fmul.o

    ----------------------------------------------------------------------
      4840        290        144          4          0       2056   Library Totals
         8          0          0          0          0          0   (incl. Padding)

    ----------------------------------------------------------------------

      Code (inc. data)   RO Data    RW Data    ZI Data      Debug   Library Name

      2844        242        144          0          0        496   m_ps.l
       296         22          0          4          0        332   mc_p.l
      1692         26          0          0          0       1228   mf_p.l

    ----------------------------------------------------------------------
      4840        290        144          4          0       2056   Library Totals

    ----------------------------------------------------------------------

==============================================================================


      Code (inc. data)   RO Data    RW Data    ZI Data      Debug   

      7720        502        352       4136       2112      47016   Grand Totals
      7720        502        352        628       2112      47016   ELF Image Totals (compressed)
      7720        502        352        628          0          0   ROM Totals

==============================================================================

    Total RO  Size (Code + RO Data)                 8072 (   7.88kB)
    Total RW  Size (RW Data + ZI Data)              6248 (   6.10kB)
    Total ROM Size (Code + RO Data + RW Data)       8700 (   8.50kB)

==============================================================================

