<html>
<body>
<pre>
<h1>µVision Build Log</h1>
<h2>Project:</h2>
C:\Users\nraghuna\Documents\GitHub\freeze-network\capinterface_tx_prg\ARM\Capinter.uvproj
Project File Date:  04/09/2015

<h2>Output:</h2>
Rebuild target 'Target 1'
Clean started - Project: 'Capinter'
   deleting intermediate output files for target 'Target 1'
creating preprocessor file for PCAPint_main.c...
..\ant_setup.c(86): warning:  #1-D: last line of file ends without a newline
  }
..\PCAPint_main.c: 1 warning, 0 errors
compiling PCAPint_main.c...
..\ant_setup.c(86): warning:  #1-D: last line of file ends without a newline
  }
..\ant_setup.c(26): warning:  #177-D: variable "ttype" was declared but never referenced
        uint8_t ttype;
..\PCAP.c(269): warning:  #111-D: statement is unreachable
                                memset(tx_data, 0, 8);
..\PCAP.c(295): warning:  #550-D: variable "w" was set but never used
                bool w; 
..\PCAPint_main.c(175): warning:  #550-D: variable "ret0" was set but never used
        bool ret0, ret1, ret2, ret3; // error checkers
..\PCAPint_main.c(175): warning:  #177-D: variable "ret1" was declared but never referenced
        bool ret0, ret1, ret2, ret3; // error checkers
..\PCAPint_main.c(175): warning:  #550-D: variable "ret2" was set but never used
        bool ret0, ret1, ret2, ret3; // error checkers
..\PCAPint_main.c(175): warning:  #550-D: variable "ret3" was set but never used
        bool ret0, ret1, ret2, ret3; // error checkers
..\PCAPint_main.c(176): warning:  #177-D: variable "sw" was declared but never referenced
        uint32_t sw = 1, sw2 = 1, sw3 =0, stat; 
..\PCAPint_main.c(176): warning:  #550-D: variable "sw2" was set but never used
        uint32_t sw = 1, sw2 = 1, sw3 =0, stat; 
..\PCAPint_main.c(176): warning:  #550-D: variable "sw3" was set but never used
        uint32_t sw = 1, sw2 = 1, sw3 =0, stat; 
..\PCAPint_main.c(177): warning:  #550-D: variable "CYC_ACTIVE" was set but never used
        uint8_t CYC_ACTIVE, T_END_FLAG, RUNBIT, COMBI_ERR, CAP_ERR, CAP_ERR_PC, TEMP_ERR; // Status register error checkers
..\PCAPint_main.c(177): warning:  #550-D: variable "T_END_FLAG" was set but never used
        uint8_t CYC_ACTIVE, T_END_FLAG, RUNBIT, COMBI_ERR, CAP_ERR, CAP_ERR_PC, TEMP_ERR; // Status register error checkers
..\PCAPint_main.c(177): warning:  #550-D: variable "RUNBIT" was set but never used
        uint8_t CYC_ACTIVE, T_END_FLAG, RUNBIT, COMBI_ERR, CAP_ERR, CAP_ERR_PC, TEMP_ERR; // Status register error checkers
..\PCAPint_main.c(177): warning:  #550-D: variable "COMBI_ERR" was set but never used
        uint8_t CYC_ACTIVE, T_END_FLAG, RUNBIT, COMBI_ERR, CAP_ERR, CAP_ERR_PC, TEMP_ERR; // Status register error checkers
..\PCAPint_main.c(177): warning:  #550-D: variable "CAP_ERR" was set but never used
        uint8_t CYC_ACTIVE, T_END_FLAG, RUNBIT, COMBI_ERR, CAP_ERR, CAP_ERR_PC, TEMP_ERR; // Status register error checkers
..\PCAPint_main.c(177): warning:  #550-D: variable "CAP_ERR_PC" was set but never used
        uint8_t CYC_ACTIVE, T_END_FLAG, RUNBIT, COMBI_ERR, CAP_ERR, CAP_ERR_PC, TEMP_ERR; // Status register error checkers
..\PCAPint_main.c(177): warning:  #550-D: variable "TEMP_ERR" was set but never used
        uint8_t CYC_ACTIVE, T_END_FLAG, RUNBIT, COMBI_ERR, CAP_ERR, CAP_ERR_PC, TEMP_ERR; // Status register error checkers
..\PCAPint_main.c(179): warning:  #177-D: variable "x" was declared but never referenced
        uint8_t x, n;
..\PCAPint_main.c(181): warning:  #177-D: variable "ant_channel" was declared but never referenced
        uint8_t ant_channel;            
..\PCAPint_main.c(184): warning:  #177-D: variable "capref_s" was declared but never referenced
    char capref_s[16]; // String displays for LCD
..\PCAPint_main.c(185): warning:  #177-D: variable "cap1_s" was declared but never referenced
    char cap1_s[7][16]; 
..\PCAPint_main.c(186): warning:  #177-D: variable "cap1" was declared but never referenced
    float cap1, cap2, cap3, cap4, cap5, cap6, cap7, capref;
..\PCAPint_main.c(186): warning:  #177-D: variable "cap2" was declared but never referenced
    float cap1, cap2, cap3, cap4, cap5, cap6, cap7, capref;
..\PCAPint_main.c(186): warning:  #177-D: variable "cap3" was declared but never referenced
    float cap1, cap2, cap3, cap4, cap5, cap6, cap7, capref;
..\PCAPint_main.c(186): warning:  #177-D: variable "cap4" was declared but never referenced
    float cap1, cap2, cap3, cap4, cap5, cap6, cap7, capref;
..\PCAPint_main.c(186): warning:  #177-D: variable "cap5" was declared but never referenced
    float cap1, cap2, cap3, cap4, cap5, cap6, cap7, capref;
..\PCAPint_main.c(186): warning:  #177-D: variable "cap6" was declared but never referenced
    float cap1, cap2, cap3, cap4, cap5, cap6, cap7, capref;
..\PCAPint_main.c(186): warning:  #177-D: variable "cap7" was declared but never referenced
    float cap1, cap2, cap3, cap4, cap5, cap6, cap7, capref;
..\PCAPint_main.c(186): warning:  #550-D: variable "capref" was set but never used
    float cap1, cap2, cap3, cap4, cap5, cap6, cap7, capref;
..\PCAPint_main.c(187): warning:  #550-D: variable "check" was set but never used
        int check = 0;
..\PCAPint_main.c(191): warning:  #177-D: variable "event_message_buffer" was declared but never referenced
        static uint8_t event_message_buffer[ANT_EVENT_MSG_BUFFER_MIN_SIZE];
..\PCAPint_main.c: 32 warnings, 0 errors
assembling arm_startup_nrf51.s...
creating preprocessor file for system_nrf51422.c...
compiling system_nrf51422.c...
creating preprocessor file for spi_master.c...
compiling spi_master.c...
creating preprocessor file for nrf_delay.c...
compiling nrf_delay.c...
linking...
Program Size: Code=7952 RO-data=352 RW-data=4136 ZI-data=2112  
".\Capinter.axf" - 0 Error(s), 33 Warning(s).

*** Performing Cross-Module-Optimization:
compiling PCAPint_main.c...
..\ant_setup.c(86): warning:  #1-D: last line of file ends without a newline
  }
..\ant_setup.c(26): warning:  #177-D: variable "ttype" was declared but never referenced
        uint8_t ttype;
..\PCAP.c(269): warning:  #111-D: statement is unreachable
                                memset(tx_data, 0, 8);
..\PCAP.c(295): warning:  #550-D: variable "w" was set but never used
                bool w; 
..\PCAPint_main.c(175): warning:  #550-D: variable "ret0" was set but never used
        bool ret0, ret1, ret2, ret3; // error checkers
..\PCAPint_main.c(175): warning:  #177-D: variable "ret1" was declared but never referenced
        bool ret0, ret1, ret2, ret3; // error checkers
..\PCAPint_main.c(175): warning:  #550-D: variable "ret2" was set but never used
        bool ret0, ret1, ret2, ret3; // error checkers
..\PCAPint_main.c(175): warning:  #550-D: variable "ret3" was set but never used
        bool ret0, ret1, ret2, ret3; // error checkers
..\PCAPint_main.c(176): warning:  #177-D: variable "sw" was declared but never referenced
        uint32_t sw = 1, sw2 = 1, sw3 =0, stat; 
..\PCAPint_main.c(176): warning:  #550-D: variable "sw2" was set but never used
        uint32_t sw = 1, sw2 = 1, sw3 =0, stat; 
..\PCAPint_main.c(176): warning:  #550-D: variable "sw3" was set but never used
        uint32_t sw = 1, sw2 = 1, sw3 =0, stat; 
..\PCAPint_main.c(177): warning:  #550-D: variable "CYC_ACTIVE" was set but never used
        uint8_t CYC_ACTIVE, T_END_FLAG, RUNBIT, COMBI_ERR, CAP_ERR, CAP_ERR_PC, TEMP_ERR; // Status register error checkers
..\PCAPint_main.c(177): warning:  #550-D: variable "T_END_FLAG" was set but never used
        uint8_t CYC_ACTIVE, T_END_FLAG, RUNBIT, COMBI_ERR, CAP_ERR, CAP_ERR_PC, TEMP_ERR; // Status register error checkers
..\PCAPint_main.c(177): warning:  #550-D: variable "RUNBIT" was set but never used
        uint8_t CYC_ACTIVE, T_END_FLAG, RUNBIT, COMBI_ERR, CAP_ERR, CAP_ERR_PC, TEMP_ERR; // Status register error checkers
..\PCAPint_main.c(177): warning:  #550-D: variable "COMBI_ERR" was set but never used
        uint8_t CYC_ACTIVE, T_END_FLAG, RUNBIT, COMBI_ERR, CAP_ERR, CAP_ERR_PC, TEMP_ERR; // Status register error checkers
..\PCAPint_main.c(177): warning:  #550-D: variable "CAP_ERR" was set but never used
        uint8_t CYC_ACTIVE, T_END_FLAG, RUNBIT, COMBI_ERR, CAP_ERR, CAP_ERR_PC, TEMP_ERR; // Status register error checkers
..\PCAPint_main.c(177): warning:  #550-D: variable "CAP_ERR_PC" was set but never used
        uint8_t CYC_ACTIVE, T_END_FLAG, RUNBIT, COMBI_ERR, CAP_ERR, CAP_ERR_PC, TEMP_ERR; // Status register error checkers
..\PCAPint_main.c(177): warning:  #550-D: variable "TEMP_ERR" was set but never used
        uint8_t CYC_ACTIVE, T_END_FLAG, RUNBIT, COMBI_ERR, CAP_ERR, CAP_ERR_PC, TEMP_ERR; // Status register error checkers
..\PCAPint_main.c(179): warning:  #177-D: variable "x" was declared but never referenced
        uint8_t x, n;
..\PCAPint_main.c(181): warning:  #177-D: variable "ant_channel" was declared but never referenced
        uint8_t ant_channel;            
..\PCAPint_main.c(184): warning:  #177-D: variable "capref_s" was declared but never referenced
    char capref_s[16]; // String displays for LCD
..\PCAPint_main.c(185): warning:  #177-D: variable "cap1_s" was declared but never referenced
    char cap1_s[7][16]; 
..\PCAPint_main.c(186): warning:  #177-D: variable "cap1" was declared but never referenced
    float cap1, cap2, cap3, cap4, cap5, cap6, cap7, capref;
..\PCAPint_main.c(186): warning:  #177-D: variable "cap2" was declared but never referenced
    float cap1, cap2, cap3, cap4, cap5, cap6, cap7, capref;
..\PCAPint_main.c(186): warning:  #177-D: variable "cap3" was declared but never referenced
    float cap1, cap2, cap3, cap4, cap5, cap6, cap7, capref;
..\PCAPint_main.c(186): warning:  #177-D: variable "cap4" was declared but never referenced
    float cap1, cap2, cap3, cap4, cap5, cap6, cap7, capref;
..\PCAPint_main.c(186): warning:  #177-D: variable "cap5" was declared but never referenced
    float cap1, cap2, cap3, cap4, cap5, cap6, cap7, capref;
..\PCAPint_main.c(186): warning:  #177-D: variable "cap6" was declared but never referenced
    float cap1, cap2, cap3, cap4, cap5, cap6, cap7, capref;
..\PCAPint_main.c(186): warning:  #177-D: variable "cap7" was declared but never referenced
    float cap1, cap2, cap3, cap4, cap5, cap6, cap7, capref;
..\PCAPint_main.c(186): warning:  #550-D: variable "capref" was set but never used
    float cap1, cap2, cap3, cap4, cap5, cap6, cap7, capref;
..\PCAPint_main.c(187): warning:  #550-D: variable "check" was set but never used
        int check = 0;
..\PCAPint_main.c(191): warning:  #177-D: variable "event_message_buffer" was declared but never referenced
        static uint8_t event_message_buffer[ANT_EVENT_MSG_BUFFER_MIN_SIZE];
..\PCAPint_main.c: 32 warnings, 0 errors
compiling system_nrf51422.c...
compiling spi_master.c...
compiling nrf_delay.c...
linking...
Program Size: Code=7952 RO-data=352 RW-data=4136 ZI-data=2112  
FromELF: creating hex file...
".\Capinter.axf" - 0 Error(s), 32 Warning(s).
*** Completed Cross-Module-Optimization after 2 iteration(s).
</pre>
</body>
</html>
